---
source: crates/core-executor/src/tests/sql/logical_optimizer/split_ordered_aggregates.rs
description: "\"SELECT \\\n        percentile_cont(0.5) WITHIN GROUP (ORDER BY x) AS p50_x, \\\n        percentile_cont(0.5) WITHIN GROUP (ORDER BY y) AS p50_y, \\\n        percentile_cont(0.5) WITHIN GROUP (ORDER BY z) AS p50_z \\\n     FROM (VALUES (1, 10, 100), (2, 20, 90), (3, 30, 80)) AS t(x, y, z)\""
---
Ok(
    [
        "+-------+-------+-------+",
        "| p50_x | p50_y | p50_z |",
        "+-------+-------+-------+",
        "| 2.0   | 20.0  | 90.0  |",
        "+-------+-------+-------+",
    ],
)
