---
source: crates/core-executor/src/tests/sql/logical_optimizer/split_ordered_aggregates.rs
description: "\"SELECT \\\n        percentile_cont(0.5) WITHIN GROUP (ORDER BY x) AS p50_x, \\\n        percentile_cont(0.5) WITHIN GROUP (ORDER BY y) AS p50_y \\\n     FROM (VALUES (1, 10), (2, 20), (3, 30)) AS t(x, y)\""
---
Ok(
    [
        "+-------+-------+",
        "| p50_x | p50_y |",
        "+-------+-------+",
        "| 2.0   | 20.0  |",
        "+-------+-------+",
    ],
)
