---
source: crates/embucket-functions/src/tests/string_binary/length.rs
description: "\"SELECT\n        LEN('Joyeux Noël') AS french,\n        LEN('圣诞节快乐') AS chinese,\n        LEN('こんにちは') AS japanese,\n        LEN('안녕하세요') AS korean\""
---
Ok(
    [
        "+--------+---------+----------+--------+",
        "| french | chinese | japanese | korean |",
        "+--------+---------+----------+--------+",
        "| 11     | 5       | 5        | 5      |",
        "+--------+---------+----------+--------+",
    ],
)
