---
source: crates/embucket-functions/src/tests/string_binary/length.rs
description: "\"SELECT LENGTH('hello'), LENGTH(''), LENGTH(NULL)\""
---
Ok(
    [
        "+-----------------------+------------------+--------------+",
        "| length(Utf8(\"hello\")) | length(Utf8(\"\")) | length(NULL) |",
        "+-----------------------+------------------+--------------+",
        "| 5                     | 0                |              |",
        "+-----------------------+------------------+--------------+",
    ],
)
