---
source: crates/core-executor/src/tests/sql/functions/aggregate/variance.rs
description: "\"SELECT VARIANCE(n) AS v FROM (VALUES (1), (2), (3), (4)) AS t(n)\""
---
Ok(
    [
        "+--------------------+",
        "| v                  |",
        "+--------------------+",
        "| 1.6666666666666667 |",
        "+--------------------+",
    ],
)
