---
source: crates/embucket-functions/src/tests/regexp/regexp_like.rs
description: "\"SELECT REGEXP_LIKE('nevermore1, nevermore2, nevermore3.', 'nevermore')\""
---
Ok(
    [
        "+----------------------------------------------------------------------------+",
        "| regexp_like(Utf8(\"nevermore1, nevermore2, nevermore3.\"),Utf8(\"nevermore\")) |",
        "+----------------------------------------------------------------------------+",
        "| false                                                                      |",
        "+----------------------------------------------------------------------------+",
    ],
)
