---
source: crates/embucket-functions/src/tests/regexp/regexp_like.rs
description: "\"SELECT * FROM VALUES ('Sacramento'), ('San Francisco'), ('San Jose'), (null) WHERE REGEXP_LIKE(column1, 'san.*', 'i')\""
---
Ok(
    [
        "+---------------+",
        "| column1       |",
        "+---------------+",
        "| San Francisco |",
        "| San Jose      |",
        "+---------------+",
    ],
)
