---
source: crates/embucket-functions/src/tests/conversion/to_object.rs
description: "\"SELECT to_object('{\\\"key\\\": \\\"value\\\"}')\""
---
Ok(
    [
        "+-------------------------------------+",
        "| to_object(Utf8(\"{\"key\": \"value\"}\")) |",
        "+-------------------------------------+",
        "| {\"key\": \"value\"}                    |",
        "+-------------------------------------+",
    ],
)
