---
source: crates/embucket-functions/src/tests/encryption/encrypt_raw.rs
description: "\"SELECT ENCRYPT_RAW(\n        TO_BINARY('426F6E6A6F7572', 'HEX'),  -- 'Bonjour' in hex\n        TO_BINARY('0123456789ABCDEF0123456789ABCDEF0123456789ABCDEF0123456789ABCDEF', 'HEX'),  -- 32-byte key\n        TO_BINARY('416C736F4E6F745365637265', 'HEX')  -- 12-byte IV (24 hex chars)\n    ) AS encrypted\""
---
Ok(
    [
        "+----------------------------------------------------------------------------------------------------------+",
        "| encrypted                                                                                                |",
        "+----------------------------------------------------------------------------------------------------------+",
        "| {\"ciphertext\":\"44EFF923AAC1E6\",\"iv\":\"416C736F4E6F745365637265\",\"tag\":\"174B96E96F936EFFC4CFEFED1F0F0B9F\"} |",
        "+----------------------------------------------------------------------------------------------------------+",
    ],
)
