---
source: crates/embucket-functions/src/tests/crypto/md5.rs
description: "\"SELECT MD5(col_str) AS c1, MD5(CAST(col_int AS VARCHAR)) AS c2\n    FROM VALUES \n        ('snow', 'flake'),\n        ('1', '33')\n    AS t(col_str, col_int);\""
---
Ok(
    [
        "+----------------------------------+----------------------------------+",
        "| c1                               | c2                               |",
        "+----------------------------------+----------------------------------+",
        "| 2b93fbdf27d43547bec8794054c28e00 | 4218c12206d1c3230806d129d95d7d83 |",
        "| c4ca4238a0b923820dcc509a6f75849b | 182be0c5cdcd5072bb1864cdee4d3d6e |",
        "+----------------------------------+----------------------------------+",
    ],
)
