---
source: crates/embucket-functions/src/tests/crypto/md5.rs
description: "\"SELECT\n        MD5('Snowflake') as s,\n        MD5('123') as si,\n        MD5(123) as i,\n        MD5(123.12) as f;\""
---
Ok(
    [
        "+----------------------------------+----------------------------------+----------------------------------+----------------------------------+",
        "| s                                | si                               | i                                | f                                |",
        "+----------------------------------+----------------------------------+----------------------------------+----------------------------------+",
        "| edf1439075a83a447fb8b630ddc9c8de | 202cb962ac59075b964b07152d234b70 | 202cb962ac59075b964b07152d234b70 | c78e28386438964077267e10faa4a079 |",
        "+----------------------------------+----------------------------------+----------------------------------+----------------------------------+",
    ],
)
