---
source: crates/embucket-functions/src/tests/string_binary/split.rs
description: "\"SELECT split(a, b) FROM (\\\n        VALUES ('hello world', ' '),\\\n               ('a.b.c', '.'),\\\n               ('abc', ','),\\\n               (NULL, '.'),\\\n               ('a', NULL)\\\n    ) AS t(a, b)\""
---
Ok(
    [
        "+----------------+",
        "| split(t.a,t.b) |",
        "+----------------+",
        "| [hello, world] |",
        "| [a, b, c]      |",
        "| [abc]          |",
        "|                |",
        "|                |",
        "+----------------+",
    ],
)
