---
source: crates/core-executor/src/tests/sql/functions/table/table.rs
description: "r#\"WITH base AS (SELECT '{\"a\": 1}' AS jsontext),\n        intermediate AS (SELECT value FROM base, LATERAL FLATTEN(INPUT => parse_json(jsontext)) d)\n    SELECT * FROM intermediate;\"#"
---
Ok(
    [
        "+-------+",
        "| value |",
        "+-------+",
        "| 1     |",
        "+-------+",
    ],
)
