---
source: crates/embucket-functions/src/tests/string_binary/sha2.rs
description: "\"SELECT \n        sha2('Snowflake', 224) as snowflake_224_exact,\n        sha2('AbCd0') as abcd0_256_exact,\n        sha2_hex('AbCd0') as abcd0_hex_exact\""
---
Ok(
    [
        "+----------------------------------------------------------+------------------------------------------------------------------+------------------------------------------------------------------+",
        "| snowflake_224_exact                                      | abcd0_256_exact                                                  | abcd0_hex_exact                                                  |",
        "+----------------------------------------------------------+------------------------------------------------------------------+------------------------------------------------------------------+",
        "| 6267d3d7a59929e6864dd4b737d98e3ef8569d9f88a7466647838532 | e1d8ba27889d6782008f495473278c4f071995c5549a976e4d4f93863ce93643 | e1d8ba27889d6782008f495473278c4f071995c5549a976e4d4f93863ce93643 |",
        "+----------------------------------------------------------+------------------------------------------------------------------+------------------------------------------------------------------+",
    ],
)
