---
source: crates/embucket-functions/src/tests/string_binary/sha2.rs
description: "\"SELECT sha2(NULL) as sha2_null, sha2_hex(NULL) as sha2_hex_null\""
---
Ok(
    [
        "+-----------+---------------+",
        "| sha2_null | sha2_hex_null |",
        "+-----------+---------------+",
        "|           |               |",
        "+-----------+---------------+",
    ],
)
