---
source: crates/embucket-functions/src/tests/string_binary/sha2.rs
description: "\"SELECT \n        sha2('Joyeux Noël') as french,\n        sha2('圣诞节快乐') as chinese,\n        sha2('こんにちは') as japanese,\n        sha2('안녕하세요') as korean\""
---
Ok(
    [
        "+------------------------------------------------------------------+------------------------------------------------------------------+------------------------------------------------------------------+------------------------------------------------------------------+",
        "| french                                                           | chinese                                                          | japanese                                                         | korean                                                           |",
        "+------------------------------------------------------------------+------------------------------------------------------------------+------------------------------------------------------------------+------------------------------------------------------------------+",
        "| d613df1d1af6ddd74203619e0e0d2f8023b0a6f66e80c4b9cebc15bffb2d5250 | c514547b7cb6fa677beb9ec84863f26e568a2b49c166273f574483bb99730f3e | 125aeadf27b0459b8760c13a3d80912dfa8a81a68261906f60d87f4a0268646c | 2c68318e352971113645cbc72861e1ec23f48d5baa5f9b405fed9dddca893eb4 |",
        "+------------------------------------------------------------------+------------------------------------------------------------------+------------------------------------------------------------------+------------------------------------------------------------------+",
    ],
)
