---
source: crates/embucket-functions/src/tests/string_binary/sha2.rs
description: "\"SELECT \n        sha2(' ') as single_space,\n        sha2('  ') as double_space,\n        sha2('\\t') as tab,\n        sha2('\\n') as newline\""
---
Ok(
    [
        "+------------------------------------------------------------------+------------------------------------------------------------------+------------------------------------------------------------------+------------------------------------------------------------------+",
        "| single_space                                                     | double_space                                                     | tab                                                              | newline                                                          |",
        "+------------------------------------------------------------------+------------------------------------------------------------------+------------------------------------------------------------------+------------------------------------------------------------------+",
        "| 36a9e7f1c95b82ffb99743e0c5c4ce95d83c9a430aac59f84ef3cbfab6145068 | 6c179f21e6f62b629055d8ab40f454ed02e48b68563913473b857d3638e23b28 | 2b4c342f5433ebe591a1da77e013d1b72475562d48578dca8b84bac6651c3cb9 | 01ba4719c80b6fe911b091a7c05124b64eeece964e09c058ef8f9805daca546b |",
        "+------------------------------------------------------------------+------------------------------------------------------------------+------------------------------------------------------------------+------------------------------------------------------------------+",
    ],
)
