---
source: crates/embucket-functions/src/tests/string_binary/sha2.rs
description: "\"SELECT sha2('Lorem ipsum dolor sit amet, consectetur adipiscing elit, sed do eiusmod tempor incididunt ut labore et dolore magna aliqua. Ut enim ad minim veniam, quis nostrud exercitation ullamco laboris nisi ut aliquip ex ea commodo consequat.')\""
---
Ok(
    [
        "+-------------------------------------------------------------------------------------------------------------------------------------------------------------------------------------------------------------------------------------------------------+",
        "| sha2(Utf8(\"Lorem ipsum dolor sit amet, consectetur adipiscing elit, sed do eiusmod tempor incididunt ut labore et dolore magna aliqua. Ut enim ad minim veniam, quis nostrud exercitation ullamco laboris nisi ut aliquip ex ea commodo consequat.\")) |",
        "+-------------------------------------------------------------------------------------------------------------------------------------------------------------------------------------------------------------------------------------------------------+",
        "| 1c81c608a616183cc4a38c09ecc944eb77eaff465dd87aae0290177f2b70b6f8                                                                                                                                                                                      |",
        "+-------------------------------------------------------------------------------------------------------------------------------------------------------------------------------------------------------------------------------------------------------+",
    ],
)
