---
source: crates/embucket-functions/src/tests/string_binary/sha2.rs
description: "\"SELECT sha2('AbCd0') as sha2_result, sha2_hex('AbCd0') as sha2_hex_result\""
---
Ok(
    [
        "+------------------------------------------------------------------+------------------------------------------------------------------+",
        "| sha2_result                                                      | sha2_hex_result                                                  |",
        "+------------------------------------------------------------------+------------------------------------------------------------------+",
        "| e1d8ba27889d6782008f495473278c4f071995c5549a976e4d4f93863ce93643 | e1d8ba27889d6782008f495473278c4f071995c5549a976e4d4f93863ce93643 |",
        "+------------------------------------------------------------------+------------------------------------------------------------------+",
    ],
)
