---
source: crates/core-executor/src/tests/sql/ddl/volume.rs
description: "\"SELECT volume_name, volume_type FROM slatedb.meta.volumes\""
info: "Setup queries: SET DISABLE_S3TABLES_CATALOG_CREATION = true; CREATE EXTERNAL VOLUME s3 STORAGE_LOCATIONS = ((\n            NAME = 's3-volume' STORAGE_PROVIDER = 'S3TABLES'\n            STORAGE_ENDPOINT = 'https://s3.us-east-2.amazonaws.com'\n            STORAGE_AWS_ACCESS_POINT_ARN = 'arn:aws:s3tables:us-east-1:111122223333:bucket/my-embucket'\n            CREDENTIALS=(AWS_KEY_ID='1a2b3c...' AWS_SECRET_KEY='4x5y6z...' DATABASE_NAME='yaro_db')\n        ))"
---
Ok(
    [
        "+-------------+-------------+",
        "| volume_name | volume_type |",
        "+-------------+-------------+",
        "| s3          | s3_tables   |",
        "| test_volume | memory      |",
        "+-------------+-------------+",
    ],
)
