---
source: crates/core-executor/src/tests/sql/ddl/volume.rs
description: "\"SELECT volume_name, volume_type FROM slatedb.meta.volumes\""
info: "Setup queries: CREATE EXTERNAL VOLUME file STORAGE_LOCATIONS = ((NAME = 'file_vol' STORAGE_PROVIDER = 'FILE' STORAGE_BASE_URL = '/home/'))"
---
Ok(
    [
        "+-------------+-------------+",
        "| volume_name | volume_type |",
        "+-------------+-------------+",
        "| file        | file        |",
        "| test_volume | memory      |",
        "+-------------+-------------+",
    ],
)
