---
source: crates/embucket-functions/src/tests/string_binary/hex_decode_string.rs
description: "\"SELECT HEX_DECODE_STRING(NULL) AS null_decoded\""
---
Ok(
    [
        "+--------------+",
        "| null_decoded |",
        "+--------------+",
        "|              |",
        "+--------------+",
    ],
)
