---
source: crates/embucket-functions/src/tests/string_binary/hex_decode_string.rs
description: "\"SELECT HEX_DECODE_STRING('534E4F57') AS decoded_value\""
---
Ok(
    [
        "+---------------+",
        "| decoded_value |",
        "+---------------+",
        "| SNOW          |",
        "+---------------+",
    ],
)
