---
source: crates/embucket-functions/src/tests/string_binary/hex_decode_string.rs
description: "\"SELECT \n        HEX_DECODE_STRING('48656c6c6f') AS lowercase_hex,\n        HEX_DECODE_STRING('48656C6C6F') AS uppercase_hex,\n        HEX_DECODE_STRING('48656C6c6F') AS mixed_case_hex\""
---
Ok(
    [
        "+---------------+---------------+----------------+",
        "| lowercase_hex | uppercase_hex | mixed_case_hex |",
        "+---------------+---------------+----------------+",
        "| Hello         | Hello         | Hello          |",
        "+---------------+---------------+----------------+",
    ],
)
