---
source: crates/embucket-functions/src/tests/string_binary/hex_decode_string.rs
description: "\"SELECT \n        HEX_DECODE_STRING('21') AS exclamation,\n        HEX_DECODE_STRING('20') AS space,\n        HEX_DECODE_STRING('0A') AS newline,\n        HEX_DECODE_STRING('09') AS tab\""
---
Ok(
    [
        "+-------------+-------+---------+-----+",
        "| exclamation | space | newline | tab |",
        "+-------------+-------+---------+-----+",
        "| !           |       |         | \t   |",
        "|             |       |         |     |",
        "+-------------+-------+---------+-----+",
    ],
)
