---
source: crates/embucket-functions/src/tests/regexp/regexp_substr.rs
description: "\"SELECT REGEXP_SUBSTR(column1, 'the\\\\W+\\\\w+')\n    FROM VALUES ('It was the best of times, it was the worst of times.'),\n    ('In    the   string   the   extra   spaces  are   redundant.'),\n    ('A thespian theater is nearby.')\""
---
Ok(
    [
        "+------------------------------------------+",
        "| regexp_substr(column1,Utf8(\"the\\W+\\w+\")) |",
        "+------------------------------------------+",
        "| the best                                 |",
        "| the   string                             |",
        "|                                          |",
        "+------------------------------------------+",
    ],
)
