---
source: crates/embucket-functions/src/tests/regexp/regexp_substr.rs
description: "\"SELECT REGEXP_SUBSTR(column1, 'the\\\\W+(\\\\w+)', 1, 2, 'e', 1)\n    FROM VALUES ('It was the best of times, it was the worst of times.'),\n    ('In    the   string   the   extra   spaces  are   redundant.'),\n    ('A thespian theater is nearby.')\""
---
Ok(
    [
        "+---------------------------------------------------------------------------------+",
        "| regexp_substr(column1,Utf8(\"the\\W+(\\w+)\"),Int64(1),Int64(2),Utf8(\"e\"),Int64(1)) |",
        "+---------------------------------------------------------------------------------+",
        "| worst                                                                           |",
        "| extra                                                                           |",
        "|                                                                                 |",
        "+---------------------------------------------------------------------------------+",
    ],
)
