---
source: crates/embucket-functions/src/tests/regexp/regexp_substr.rs
description: "\"SELECT REGEXP_SUBSTR(column1, 'A\\\\W+(\\\\w+)', 1, 1, 'e', 1),\n    REGEXP_SUBSTR(column1, 'A\\\\W+(\\\\w+)', 1, 2, 'e', 1),\n    REGEXP_SUBSTR(column1, 'A\\\\W+(\\\\w+)', 1, 3, 'e', 1),\n    REGEXP_SUBSTR(column1, 'A\\\\W+(\\\\w+)', 1, 4, 'e', 1)\n    FROM VALUES ('A MAN A PLAN A CANAL')\""
---
Ok(
    [
        "+-------------------------------------------------------------------------------+-------------------------------------------------------------------------------+-------------------------------------------------------------------------------+-------------------------------------------------------------------------------+",
        "| regexp_substr(column1,Utf8(\"A\\W+(\\w+)\"),Int64(1),Int64(1),Utf8(\"e\"),Int64(1)) | regexp_substr(column1,Utf8(\"A\\W+(\\w+)\"),Int64(1),Int64(2),Utf8(\"e\"),Int64(1)) | regexp_substr(column1,Utf8(\"A\\W+(\\w+)\"),Int64(1),Int64(3),Utf8(\"e\"),Int64(1)) | regexp_substr(column1,Utf8(\"A\\W+(\\w+)\"),Int64(1),Int64(4),Utf8(\"e\"),Int64(1)) |",
        "+-------------------------------------------------------------------------------+-------------------------------------------------------------------------------+-------------------------------------------------------------------------------+-------------------------------------------------------------------------------+",
        "| MAN                                                                           | PLAN                                                                          | CANAL                                                                         |                                                                               |",
        "+-------------------------------------------------------------------------------+-------------------------------------------------------------------------------+-------------------------------------------------------------------------------+-------------------------------------------------------------------------------+",
    ],
)
