---
source: crates/core-executor/src/tests/sql/physical_optimizer/list_field_metadata.rs
description: "\"SELECT * FROM array\""
info: "Setup queries: CREATE TABLE array as (SELECT 'A'::ARRAY)"
---
Ok(
    [
        "+-----------+",
        "| utf8(\"a\") |",
        "+-----------+",
        "| [A]       |",
        "+-----------+",
    ],
)
