---
source: crates/embucket-functions/src/tests/system/typeof/mod.rs
description: "\"SELECT \\\n        SYSTEM$TYPEOF(DATE '2024-05-09') AS t1, \\\n        SYSTEM$TYPEOF(TIMESTAMP '2024-05-09 14:32:29.135') AS t2\""
---
Ok(
    [
        "+--------+-----------------------------+",
        "| t1     | t2                          |",
        "+--------+-----------------------------+",
        "| Date32 | Timestamp(Nanosecond, None) |",
        "+--------+-----------------------------+",
    ],
)
