---
source: crates/core-executor/src/tests/sql/logical_analyzer/casting/array.rs
description: "\"SELECT to_array(null)::ARRAY\""
---
Ok(
    [
        "+----------------+",
        "| to_array(NULL) |",
        "+----------------+",
        "|                |",
        "+----------------+",
    ],
)
