---
source: crates/core-executor/src/tests/sql/logical_analyzer/casting/array.rs
description: "\"SELECT to_array('A, B, null, 22')::ARRAY\""
---
Ok(
    [
        "+----------------------------------+",
        "| to_array(Utf8(\"A, B, null, 22\")) |",
        "+----------------------------------+",
        "| [A, B, null, 22]                 |",
        "+----------------------------------+",
    ],
)
