---
source: crates/core-executor/src/tests/sql/datatypes/binary.rs
description: "\"SELECT \n        LENGTH(binary_col) AS binary_length,\n        LENGTH(varbinary_col) AS varbinary_length,\n        binary_col = TO_BINARY('test', 'UTF-8') AS binary_equals,\n        varbinary_col IS NULL AS varbinary_is_null\n    FROM binary_null_test \n    ORDER BY id\""
info: "Setup queries: CREATE TABLE binary_null_test (\n            id INT,\n            binary_col BINARY,\n            varbinary_col VARBINARY\n        ); INSERT INTO binary_null_test VALUES \n            (1, TO_BINARY('test', 'UTF-8'), TO_BINARY('value', 'UTF-8')),\n            (2, NULL, TO_BINARY('only_varbinary', 'UTF-8')),\n            (3, TO_BINARY('only_binary', 'UTF-8'), NULL),\n            (4, NULL, NULL)"
---
Ok(
    [
        "+---------------+------------------+---------------+-------------------+",
        "| binary_length | varbinary_length | binary_equals | varbinary_is_null |",
        "+---------------+------------------+---------------+-------------------+",
        "| 4             | 5                | true          | false             |",
        "|               | 14               |               | false             |",
        "| 11            |                  | false         | true              |",
        "|               |                  |               | true              |",
        "+---------------+------------------+---------------+-------------------+",
    ],
)
