---
source: crates/core-executor/src/tests/sql/datatypes/binary.rs
description: "\"SELECT \n        COUNT(*) AS total_rows,\n        COUNT(binary_col) AS non_null_binary,\n        COUNT(varbinary_col) AS non_null_varbinary,\n        MIN(LENGTH(binary_col)) AS min_binary_length,\n        MAX(LENGTH(binary_col)) AS max_binary_length,\n        MIN(LENGTH(varbinary_col)) AS min_varbinary_length,\n        MAX(LENGTH(varbinary_col)) AS max_varbinary_length\n    FROM binary_null_test\""
info: "Setup queries: CREATE TABLE binary_null_test (\n            id INT,\n            binary_col BINARY,\n            varbinary_col VARBINARY\n        ); INSERT INTO binary_null_test VALUES \n            (1, TO_BINARY('test', 'UTF-8'), TO_BINARY('value', 'UTF-8')),\n            (2, NULL, TO_BINARY('only_varbinary', 'UTF-8')),\n            (3, TO_BINARY('only_binary', 'UTF-8'), NULL),\n            (4, NULL, NULL)"
---
Ok(
    [
        "+------------+-----------------+--------------------+-------------------+-------------------+----------------------+----------------------+",
        "| total_rows | non_null_binary | non_null_varbinary | min_binary_length | max_binary_length | min_varbinary_length | max_varbinary_length |",
        "+------------+-----------------+--------------------+-------------------+-------------------+----------------------+----------------------+",
        "| 4          | 2               | 2                  | 4                 | 11                | 5                    | 14                   |",
        "+------------+-----------------+--------------------+-------------------+-------------------+----------------------+----------------------+",
    ],
)
