---
source: crates/core-executor/src/tests/sql/datatypes/binary.rs
description: "\"SELECT * FROM binary_size_test ORDER BY id\""
info: "Setup queries: CREATE TABLE binary_size_test (\n            id INT,\n            binary_no_size BINARY,\n            binary_with_size BINARY(32),\n            varbinary_no_size VARBINARY,\n            varbinary_with_size VARBINARY(64)\n        ); INSERT INTO binary_size_test VALUES \n            (1, TO_BINARY('small', 'UTF-8'), TO_BINARY('sized_binary', 'UTF-8'), TO_BINARY('variable', 'UTF-8'), TO_BINARY('sized_variable', 'UTF-8')),\n            (2, TO_BINARY('456789AB', 'HEX'), TO_BINARY('DEADBEEF', 'HEX'), TO_BINARY('CAFEBABE', 'HEX'), TO_BINARY('FEEDFACE', 'HEX'))"
---
Ok(
    [
        "+----+----------------+--------------------------+-------------------+------------------------------+",
        "| id | binary_no_size | binary_with_size         | varbinary_no_size | varbinary_with_size          |",
        "+----+----------------+--------------------------+-------------------+------------------------------+",
        "| 1  | 736d616c6c     | 73697a65645f62696e617279 | 7661726961626c65  | 73697a65645f7661726961626c65 |",
        "| 2  | 456789ab       | deadbeef                 | cafebabe          | feedface                     |",
        "+----+----------------+--------------------------+-------------------+------------------------------+",
    ],
)
