---
source: crates/core-executor/src/tests/sql/datatypes/binary.rs
description: "\"SELECT * FROM binary_mixed_table ORDER BY id\""
info: "Setup queries: CREATE TABLE binary_mixed_table (\n            id INT,\n            description VARCHAR(50),\n            utf8_data BINARY,\n            hex_data VARBINARY,\n            base64_data BINARY\n        ); INSERT INTO binary_mixed_table VALUES \n            (1, 'Text as binary', TO_BINARY('Hello, World!', 'UTF-8'), TO_BINARY('48656C6C6F2C20576F726C6421', 'HEX'), TO_BINARY('SGVsbG8sIFdvcmxkIQ==', 'BASE64')),\n            (2, 'Numbers', TO_BINARY('12345', 'UTF-8'), TO_BINARY('3132333435', 'HEX'), TO_BINARY('MTIzNDU=', 'BASE64')),\n            (3, 'Special chars', TO_BINARY('!@#$%', 'UTF-8'), TO_BINARY('2402324256', 'HEX'), TO_BINARY('IUAjJCU=', 'BASE64'))"
---
Ok(
    [
        "+----+----------------+----------------------------+----------------------------+----------------------------+",
        "| id | description    | utf8_data                  | hex_data                   | base64_data                |",
        "+----+----------------+----------------------------+----------------------------+----------------------------+",
        "| 1  | Text as binary | 48656c6c6f2c20576f726c6421 | 48656c6c6f2c20576f726c6421 | 48656c6c6f2c20576f726c6421 |",
        "| 2  | Numbers        | 3132333435                 | 3132333435                 | 3132333435                 |",
        "| 3  | Special chars  | 2140232425                 | 2402324256                 | 2140232425                 |",
        "+----+----------------+----------------------------+----------------------------+----------------------------+",
    ],
)
