---
source: crates/core-executor/src/tests/sql/datatypes/binary.rs
description: "\"SELECT * FROM binary_test_table ORDER BY id\""
info: "Setup queries: CREATE TABLE binary_test_table (\n            id INT, \n            data BINARY(16),\n            variable_data VARBINARY(255)\n        ); INSERT INTO binary_test_table VALUES \n            (1, TO_BINARY('SNOW', 'UTF-8'), TO_BINARY('Hello World', 'UTF-8')),\n            (2, TO_BINARY('534E4F57', 'HEX'), TO_BINARY('48656C6C6F', 'HEX')),\n            (3, TO_BINARY('U05PVw==', 'BASE64'), TO_BINARY('SGVsbG8gV29ybGQ=', 'BASE64'))"
---
Ok(
    [
        "+----+----------+------------------------+",
        "| id | data     | variable_data          |",
        "+----+----------+------------------------+",
        "| 1  | 534e4f57 | 48656c6c6f20576f726c64 |",
        "| 2  | 534e4f57 | 48656c6c6f             |",
        "| 3  | 534e4f57 | 48656c6c6f20576f726c64 |",
        "+----+----------+------------------------+",
    ],
)
