---
source: crates/core-executor/src/tests/sql/datatypes/binary.rs
description: "\"SELECT * FROM binary_derived_table ORDER BY id\""
info: "Setup queries: CREATE TABLE binary_source AS\n        SELECT \n            ROW_NUMBER() OVER () AS id,\n            TO_BINARY('test_' || CAST(ROW_NUMBER() OVER () AS STRING), 'UTF-8') AS binary_data\n        FROM (VALUES (1), (2), (3)) AS t(x); CREATE TABLE binary_derived_table AS\n        SELECT \n            id,\n            binary_data,\n            TO_BINARY('derived_' || CAST(id AS STRING), 'UTF-8') AS derived_binary\n        FROM binary_source"
---
Ok(
    [
        "+----+--------------+--------------------+",
        "| id | binary_data  | derived_binary     |",
        "+----+--------------+--------------------+",
        "| 1  | 746573745f31 | 646572697665645f31 |",
        "| 2  | 746573745f32 | 646572697665645f32 |",
        "| 3  | 746573745f33 | 646572697665645f33 |",
        "+----+--------------+--------------------+",
    ],
)
