---
source: crates/core-executor/src/tests/sql/datatypes/binary.rs
description: "\"SELECT \n        TRY_TO_BINARY('ValidHex', 'HEX') AS valid_hex,\n        TRY_TO_BINARY('ValidBase64==', 'BASE64') AS valid_base64,\n        TRY_TO_BINARY('InvalidHex', 'HEX') AS invalid_hex,\n        TRY_TO_BINARY('Invalid==Base64', 'BASE64') AS invalid_base64,\n        TRY_TO_BINARY('test', 'INVALID_FORMAT') AS invalid_format\""
---
Ok(
    [
        "+-----------+--------------+-------------+----------------+----------------+",
        "| valid_hex | valid_base64 | invalid_hex | invalid_base64 | invalid_format |",
        "+-----------+--------------+-------------+----------------+----------------+",
        "|           |              |             |                |                |",
        "+-----------+--------------+-------------+----------------+----------------+",
    ],
)
