---
source: crates/core-executor/src/tests/sql/datatypes/binary.rs
description: "\"SELECT \n        TO_BINARY('EMBUCKET', 'utf-8') AS utf8_lower,\n        TO_BINARY('454D4255434B4554', 'hex') AS hex_lower,\n        TO_BINARY('RU1CVUNLRVQ=', 'base64') AS base64_lower,\n        TO_BINARY('EMBUCKET', 'UTF-8') AS utf8_upper,\n        TO_BINARY('454D4255434B4554', 'HEX') AS hex_upper,\n        TO_BINARY('RU1CVUNLRVQ=', 'BASE64') AS base64_upper\""
---
Ok(
    [
        "+------------------+------------------+------------------+------------------+------------------+------------------+",
        "| utf8_lower       | hex_lower        | base64_lower     | utf8_upper       | hex_upper        | base64_upper     |",
        "+------------------+------------------+------------------+------------------+------------------+------------------+",
        "| 454d4255434b4554 | 454d4255434b4554 | 454d4255434b4554 | 454d4255434b4554 | 454d4255434b4554 | 454d4255434b4554 |",
        "+------------------+------------------+------------------+------------------+------------------+------------------+",
    ],
)
