---
source: crates/core-executor/src/tests/sql/datatypes/binary.rs
description: "\"WITH binary_cte AS (\n        SELECT \n            id,\n            TO_BINARY(CONCAT('prefix_', CAST(id AS STRING)), 'UTF-8') AS computed_binary,\n            TO_BINARY('CONSTANT', 'UTF-8') AS constant_binary\n        FROM (VALUES (1), (2), (3)) AS t(id)\n    )\n    SELECT \n        id,\n        computed_binary,\n        constant_binary,\n        LENGTH(computed_binary) AS computed_length,\n        LENGTH(constant_binary) AS constant_length\n    FROM binary_cte\n    ORDER BY id\""
---
Ok(
    [
        "+----+------------------+------------------+-----------------+-----------------+",
        "| id | computed_binary  | constant_binary  | computed_length | constant_length |",
        "+----+------------------+------------------+-----------------+-----------------+",
        "| 1  | 7072656669785f31 | 434f4e5354414e54 | 8               | 8               |",
        "| 2  | 7072656669785f32 | 434f4e5354414e54 | 8               | 8               |",
        "| 3  | 7072656669785f33 | 434f4e5354414e54 | 8               | 8               |",
        "+----+------------------+------------------+-----------------+-----------------+",
    ],
)
