---
source: crates/embucket-functions/src/tests/conversion/to_decimal.rs
description: "\"SELECT column1,\n       TO_NUMBER(column1),\n       TO_NUMBER(column1, 10, 1),\n       TO_NUMBER(column1, 10, 8)\n    FROM VALUES ('12.3456'), ('98.76546')\""
---
Ok(
    [
        "+----------+---------------------+----------------------------------------+----------------------------------------+",
        "| column1  | to_decimal(column1) | to_decimal(column1,Int64(10),Int64(1)) | to_decimal(column1,Int64(10),Int64(8)) |",
        "+----------+---------------------+----------------------------------------+----------------------------------------+",
        "| 12.3456  | 12                  | 12.3                                   | 12.34560000                            |",
        "| 98.76546 | 99                  | 98.8                                   | 98.76546000                            |",
        "+----------+---------------------+----------------------------------------+----------------------------------------+",
    ],
)
