---
source: crates/embucket-functions/src/tests/conversion/to_decimal.rs
description: "\"SELECT column1,\n       TO_DECIMAL(column1, '$9,999.99', 6, 2) as convert_currency\n    FROM VALUES ('$3,741.72')\""
---
Ok(
    [
        "+-----------+------------------+",
        "| column1   | convert_currency |",
        "+-----------+------------------+",
        "| $3,741.72 | 3741.72          |",
        "+-----------+------------------+",
    ],
)
