---
source: crates/embucket-functions/src/tests/conversion/to_decimal.rs
description: "\"SELECT column1, TRY_TO_NUMBER(column1, 10, 9)\n    FROM VALUES ('12.3456'), ('98.76546')\""
---
Ok(
    [
        "+----------+--------------------------------------------+",
        "| column1  | try_to_decimal(column1,Int64(10),Int64(9)) |",
        "+----------+--------------------------------------------+",
        "| 12.3456  |                                            |",
        "| 98.76546 |                                            |",
        "+----------+--------------------------------------------+",
    ],
)
