---
source: crates/embucket-functions/src/tests/conversion/to_decimal.rs
description: "\"SELECT column1,\n       TO_DECIMAL(column1, '99.9') as D0,\n       TO_DECIMAL(column1, '99.9', 9, 5) as D5,\n       TO_DECIMAL(column1, 'TM9', 9, 5) as TD5\n    FROM VALUES ('1.0'), ('-12.3'), ('0.0'), ('- 0.1');\""
---
Ok(
    [
        "+---------+-----+-----------+-----------+",
        "| column1 | d0  | d5        | td5       |",
        "+---------+-----+-----------+-----------+",
        "| 1.0     | 1   | 1.00000   | 1.00000   |",
        "| -12.3   | -12 | -12.30000 | -12.30000 |",
        "| 0.0     | 0   | 0.00000   | 0.00000   |",
        "| - 0.1   | 0   | -0.10000  | -0.10000  |",
        "+---------+-----+-----------+-----------+",
    ],
)
