---
source: crates/embucket-functions/src/tests/conversion/to_decimal.rs
description: "\"SELECT column1,\n       TO_DECIMAL(column1) as convert_bool\n    FROM VALUES (FALSE), (TRUE)\""
---
Ok(
    [
        "+---------+--------------+",
        "| column1 | convert_bool |",
        "+---------+--------------+",
        "| false   | 0            |",
        "| true    | 1            |",
        "+---------+--------------+",
    ],
)
