---
source: crates/embucket-functions/src/tests/conversion/zeroifnull.rs
description: "\"SELECT zeroifnull(null),zeroifnull(0.0),zeroifnull(0),zeroifnull(0.0::decimal(20,10)) as d\""
---
Ok(
    [
        "+------------------+------------------------+----------------------+--------------+",
        "| zeroifnull(NULL) | zeroifnull(Float64(0)) | zeroifnull(Int64(0)) | d            |",
        "+------------------+------------------------+----------------------+--------------+",
        "| 0.0              | 0.0                    | 0                    | 0.0000000000 |",
        "+------------------+------------------------+----------------------+--------------+",
    ],
)
