---
source: crates/embucket-functions/src/tests/conversion/to_date.rs
description: "\"SELECT TO_DATE('5Jul25', 'DDMONYY')\""
---
Ok(
    [
        "+-----------------------------------------+",
        "| to_date(Utf8(\"5Jul25\"),Utf8(\"DDMONYY\")) |",
        "+-----------------------------------------+",
        "| 2025-07-05                              |",
        "+-----------------------------------------+",
    ],
)
