---
source: crates/embucket-functions/src/tests/conversion/to_date.rs
description: "\"SELECT TO_DATE(column1) FROM VALUES ('2024-10-02T04:00:00.000Z'::TIMESTAMP)\""
---
Ok(
    [
        "+------------------+",
        "| to_date(column1) |",
        "+------------------+",
        "| 2024-10-02       |",
        "+------------------+",
    ],
)
