---
source: crates/embucket-functions/src/tests/conversion/to_date.rs
description: "\"SELECT TO_DATE('5-December-2025')\""
---
Ok(
    [
        "+----------------------------------+",
        "| to_date(Utf8(\"5-December-2025\")) |",
        "+----------------------------------+",
        "| 2025-12-05                       |",
        "+----------------------------------+",
    ],
)
