---
source: crates/embucket-functions/src/tests/conversion/to_date.rs
description: "\"SELECT TO_DATE('5/7/2000', 'MM/DD/YY')\""
---
Ok(
    [
        "+--------------------------------------------+",
        "| to_date(Utf8(\"5/7/2000\"),Utf8(\"MM/DD/YY\")) |",
        "+--------------------------------------------+",
        "| 2000-05-07                                 |",
        "+--------------------------------------------+",
    ],
)
