---
source: crates/embucket-functions/src/tests/conversion/to_date.rs
description: "\"SELECT TO_DATE('05/10/2024', 'MM/DD/YYYY') as to_date, DATE('05/10/2024', 'MM/DD/YYYY') as date\""
---
Ok(
    [
        "+------------+------------+",
        "| to_date    | date       |",
        "+------------+------------+",
        "| 2024-05-10 | 2024-05-10 |",
        "+------------+------------+",
    ],
)
