---
source: crates/embucket-functions/src/tests/conversion/to_date.rs
description: "\"SELECT TRY_TO_DATE('5/7/1212', 'MM/DD/YY')\""
---
Ok(
    [
        "+------------------------------------------------+",
        "| try_to_date(Utf8(\"5/7/1212\"),Utf8(\"MM/DD/YY\")) |",
        "+------------------------------------------------+",
        "|                                                |",
        "+------------------------------------------------+",
    ],
)
