---
source: crates/embucket-functions/src/tests/conversion/to_date.rs
description: "\"SELECT column1 as description, column2 as value, TO_DATE(column2) \\\n    FROM VALUES\n        ('Seconds', '31536000'),\n        ('Milliseconds', '31536000000'),\n        ('Microseconds', '31536000000000'),\n        ('Nanoseconds', '31536000000000000')\""
---
Ok(
    [
        "+--------------+-------------------+------------------+",
        "| description  | value             | to_date(column2) |",
        "+--------------+-------------------+------------------+",
        "| Seconds      | 31536000          | 1971-01-01       |",
        "| Milliseconds | 31536000000       | 1971-01-01       |",
        "| Microseconds | 31536000000000    | 1971-01-01       |",
        "| Nanoseconds  | 31536000000000000 | 1971-01-01       |",
        "+--------------+-------------------+------------------+",
    ],
)
