---
source: crates/embucket-functions/src/tests/conversion/to_date.rs
description: "\"SELECT TO_DATE('5/7/69', 'MM/DD/YY')\""
---
Ok(
    [
        "+------------------------------------------+",
        "| to_date(Utf8(\"5/7/69\"),Utf8(\"MM/DD/YY\")) |",
        "+------------------------------------------+",
        "| 2069-05-07                               |",
        "+------------------------------------------+",
    ],
)
