---
source: crates/core-executor/src/tests/sql/logical_analyzer/casting/date.rs
description: "\"SELECT col::DATE FROM (SELECT '2024-04-03'::DATE AS col)\""
---
Ok(
    [
        "+------------+",
        "| col        |",
        "+------------+",
        "| 2024-04-03 |",
        "+------------+",
    ],
)
