---
source: crates/embucket-functions/src/tests/numeric/div0.rs
description: "\"SELECT DIV0(a + b, c - d) FROM (VALUES (5, 5, 10, 5), (10, 0, 5, 5)) AS t(a, b, c, d)\""
---
Ok(
    [
        "+---------------------------+",
        "| div0(t.a + t.b,t.c - t.d) |",
        "+---------------------------+",
        "| 2.000000                  |",
        "| 0.000000                  |",
        "+---------------------------+",
    ],
)
