---
source: crates/embucket-functions/src/tests/numeric/div0.rs
description: "\"SELECT DIV0(10::DECIMAL(5,3), 3::DECIMAL(6,4)), DIV0(1::DECIMAL(38,15), 3), DIV0(1::DECIMAL(5,3), 300)\""
---
Ok(
    [
        "+--------------------------+-------------------------+---------------------------+",
        "| div0(Int64(10),Int64(3)) | div0(Int64(1),Int64(3)) | div0(Int64(1),Int64(300)) |",
        "+--------------------------+-------------------------+---------------------------+",
        "| 3.333333333              | 0.333333333333333       | 0.003333333               |",
        "+--------------------------+-------------------------+---------------------------+",
    ],
)
