---
source: crates/embucket-functions/src/tests/numeric/div0.rs
description: "\"SELECT DIV0(10, 2), DIV0(10.5, 2), DIV0(10, 2.5), DIV0(10.5, 2.5)\""
---
Ok(
    [
        "+--------------------------+------------------------------+------------------------------+----------------------------------+",
        "| div0(Int64(10),Int64(2)) | div0(Float64(10.5),Int64(2)) | div0(Int64(10),Float64(2.5)) | div0(Float64(10.5),Float64(2.5)) |",
        "+--------------------------+------------------------------+------------------------------+----------------------------------+",
        "| 5.000000                 | 5.25                         | 4.0                          | 4.2                              |",
        "+--------------------------+------------------------------+------------------------------+----------------------------------+",
    ],
)
