---
source: crates/embucket-functions/src/tests/numeric/div0.rs
description: "\"SELECT DIV0(NULL, 2), DIV0(10, NULL), DIV0(NULL, NULL)\""
---
Ok(
    [
        "+---------------------+----------------------+-----------------+",
        "| div0(NULL,Int64(2)) | div0(Int64(10),NULL) | div0(NULL,NULL) |",
        "+---------------------+----------------------+-----------------+",
        "|                     |                      |                 |",
        "+---------------------+----------------------+-----------------+",
    ],
)
