---
source: crates/embucket-functions/src/tests/numeric/div0.rs
description: "\"SELECT DIV0(10, 0), DIV0(0, 0), DIV0(-10, 0)\""
---
Ok(
    [
        "+--------------------------+-------------------------+---------------------------+",
        "| div0(Int64(10),Int64(0)) | div0(Int64(0),Int64(0)) | div0(Int64(-10),Int64(0)) |",
        "+--------------------------+-------------------------+---------------------------+",
        "| 0.000000                 | 0.000000                | 0.000000                  |",
        "+--------------------------+-------------------------+---------------------------+",
    ],
)
