---
source: crates/embucket-functions/src/tests/numeric/div0.rs
description: "\"SELECT DIV0(1000000000, 2), DIV0(1000000000, 0)\""
---
Ok(
    [
        "+----------------------------------+----------------------------------+",
        "| div0(Int64(1000000000),Int64(2)) | div0(Int64(1000000000),Int64(0)) |",
        "+----------------------------------+----------------------------------+",
        "| 500000000.000000                 | 0.000000                         |",
        "+----------------------------------+----------------------------------+",
    ],
)
