---
source: crates/embucket-functions/src/tests/regexp/regexp_replace.rs
description: "\"SELECT REGEXP_REPLACE('nevermore1, nevermore2, nevermore3.', 'nevermore', 'moreover')\""
---
Ok(
    [
        "+------------------------------------------------------------------------------------------------+",
        "| regexp_replace(Utf8(\"nevermore1, nevermore2, nevermore3.\"),Utf8(\"nevermore\"),Utf8(\"moreover\")) |",
        "+------------------------------------------------------------------------------------------------+",
        "| moreover1, moreover2, moreover3.                                                               |",
        "+------------------------------------------------------------------------------------------------+",
    ],
)
