---
source: crates/core-executor/src/tests/sql/ddl/table.rs
description: "\"SELECT * FROM embucket.public.testtable\""
info: "Setup queries: CREATE OR REPLACE TABLE embucket.public.testtable AS SELECT NULL AS DEFAULT; INSERT INTO embucket.public.testtable VALUES (null), ('fff')"
---
Ok(
    [
        "+---------+",
        "| default |",
        "+---------+",
        "|         |",
        "|         |",
        "| fff     |",
        "+---------+",
    ],
)
