---
source: crates/embucket-functions/src/tests/conditional/iff.rs
description: "\"SELECT value, IFF(value::INT = value, 'integer', 'non-integer') \n    FROM ( SELECT column1 AS value FROM VALUES(1.0), (1.1), (-3.1415), (-5.000), (NULL) ) \n    ORDER BY value DESC;;\""
---
Ok(
    [
        "+---------+--------------------------------------------------------+",
        "| value   | iff(value = value,Utf8(\"integer\"),Utf8(\"non-integer\")) |",
        "+---------+--------------------------------------------------------+",
        "|         | non-integer                                            |",
        "| 1.1     | non-integer                                            |",
        "| 1.0     | integer                                                |",
        "| -3.1415 | non-integer                                            |",
        "| -5.0    | integer                                                |",
        "+---------+--------------------------------------------------------+",
    ],
)
