---
source: crates/embucket-functions/src/tests/conditional/iff.rs
description: "\"SELECT value, IFF(value > 50, 'High', 'Low')\n     FROM ( SELECT column1 AS value FROM VALUES(22), (63), (5), (99), (NULL) )\""
---
Ok(
    [
        "+-------+-------------------------------------------------+",
        "| value | iff(value > Int64(50),Utf8(\"High\"),Utf8(\"Low\")) |",
        "+-------+-------------------------------------------------+",
        "| 22    | Low                                             |",
        "| 63    | High                                            |",
        "| 5     | Low                                             |",
        "| 99    | High                                            |",
        "|       | Low                                             |",
        "+-------+-------------------------------------------------+",
    ],
)
