---
source: crates/embucket-functions/src/tests/conditional/iff.rs
description: "\"SELECT IFF(TRUE, 'true', 'false');\""
---
Ok(
    [
        "+-----------------------------------------------+",
        "| iff(Boolean(true),Utf8(\"true\"),Utf8(\"false\")) |",
        "+-----------------------------------------------+",
        "| true                                          |",
        "+-----------------------------------------------+",
    ],
)
