---
source: crates/core-executor/src/tests/sql/datatypes/type_planner.rs
description: "\"SELECT\n        cast('data' as character varying(16777216)) as t1,\n        cast('data' as character(16777216)) as t2,\n        cast('data' as char(16777216)) as t3\""
---
Ok(
    [
        "+------+------+------+",
        "| t1   | t2   | t3   |",
        "+------+------+------+",
        "| data | data | data |",
        "+------+------+------+",
    ],
)
