---
source: crates/api-snowflake-rest/src/tests/test_rest_quick_sqls.rs
description: "SQL #1 [spent: 160/160ms]: SELECT SYSTEM$CANCEL_QUERY('5a5f2c6c-8aee-4c18-8285-273fa60e44ae');\nQuery UUID: 00000000-0000-0000-0000-077eefaf4e84"
expression: snapshot
---
{
  "data": {
    "rowtype": [
      {
        "name": "system$cancel_query",
        "database": "",
        "schema": "",
        "table": "",
        "nullable": false,
        "type": "text",
        "byteLength": 16777216,
        "length": 16777216,
        "scale": null,
        "precision": null,
        "collation": null
      }
    ],
    "rowsetBase64": null,
    "rowset": [
      [
        "Identified SQL statement is not currently executing."
      ]
    ],
    "total": 1,
    "queryResultFormat": "json",
    "sqlState": "02000",
    "queryId": "UUID"
  },
  "success": true,
  "message": "successfully executed",
  "code": null
}
