---
source: crates/api-snowflake-rest/src/tests/test_rest_quick_sqls.rs
description: "SQL #1 [spent: 163/163ms]: show schemas in database foo\nQuery UUID: 00000000-0000-0000-0000-077eefaf4a82"
expression: snapshot
---
{
  "data": {
    "rowtype": [],
    "rowsetBase64": null,
    "rowset": null,
    "total": null,
    "queryResultFormat": null,
    "errorCode": "002043",
    "sqlState": "42502",
    "queryId": "UUID"
  },
  "success": false,
  "message": "SQL compilation error: Database 'foo' does not exist or not authorized",
  "code": "002043"
}
