---
source: crates/api-snowflake-rest/src/tests/test_rest_quick_sqls.rs
description: "Async SQL #1 [spent: 101/101ms]: SELECT sleep(1);>\nQuery UUID: 00000000-0000-0000-0000-077eef9dbb49"
expression: snapshot
---
{
  "data": {
    "rowtype": [],
    "rowsetBase64": null,
    "rowset": null,
    "total": null,
    "queryResultFormat": null,
    "queryId": "UUID"
  },
  "success": true,
  "message": "successfully executed",
  "code": null
}
