---
source: crates/embucket-functions/src/tests/datetime/datediff.rs
description: "\"SELECT DATEDIFF('hour',\n               '2023-05-08T23:39:20.123-07:00'::TIMESTAMP,\n               DATEADD('year', 2, ('2023-05-08T23:39:20.123-07:00')::TIMESTAMP))\n    AS diff_hours;\""
---
Ok(
    [
        "+------------+",
        "| diff_hours |",
        "+------------+",
        "| 17544      |",
        "+------------+",
    ],
)
