---
source: crates/embucket-functions/src/tests/datetime/datediff.rs
description: "\"SELECT DATEDIFF('year', '2020-04-09 14:39:20'::TIMESTAMP, '2023-05-08 23:39:20'::TIMESTAMP) AS diff_years;\""
---
Ok(
    [
        "+------------+",
        "| diff_years |",
        "+------------+",
        "| 3          |",
        "+------------+",
    ],
)
