---
source: crates/embucket-functions/src/tests/string_binary/replace.rs
description: "\"SELECT REPLACE('Vacation in Athens', 'Athens', 'Rome');\""
---
Ok(
    [
        "+-----------------------------------------------------------------+",
        "| replace(Utf8(\"Vacation in Athens\"),Utf8(\"Athens\"),Utf8(\"Rome\")) |",
        "+-----------------------------------------------------------------+",
        "| Vacation in Rome                                                |",
        "+-----------------------------------------------------------------+",
    ],
)
