---
source: crates/embucket-functions/src/tests/string_binary/replace.rs
description: "\"SELECT REPLACE(a, b, c) FROM (\\\n        VALUES ('Dwayne', 'Dway', 'Jon'),\\\n               ('martha', 'tha', 'da'),\\\n               ('hello', 'yellow', 'green'),\\\n               ('foo', NULL, 'test'),\\\n               (NULL, 'bar', 'ban')\\\n    ) AS t(a, b, c)\""
---
Ok(
    [
        "+----------------------+",
        "| replace(t.a,t.b,t.c) |",
        "+----------------------+",
        "| Jonne                |",
        "| marda                |",
        "| hello                |",
        "|                      |",
        "|                      |",
        "+----------------------+",
    ],
)
