---
source: crates/embucket-functions/src/tests/string_binary/replace.rs
description: "\"SELECT REPLACE('down', 'down', 'up');\""
---
Ok(
    [
        "+-----------------------------------------------+",
        "| replace(Utf8(\"down\"),Utf8(\"down\"),Utf8(\"up\")) |",
        "+-----------------------------------------------+",
        "| up                                            |",
        "+-----------------------------------------------+",
    ],
)
