---
source: crates/core-executor/src/tests/sql/datatypes/object.rs
description: "\"SELECT\n      {\n        'state': 'CA',\n        'city': 'San Mateo',\n        'street': '450 Concar Drive',\n        'zip_code': 94402\n      }::OBJECT(\n        state VARCHAR,\n        city VARCHAR,\n        street VARCHAR,\n        zip_code NUMBER\n      );\""
---
Ok(
    [
        "+---------------------------------------------------------------------------------------------------------------------------------------------+",
        "| named_struct(Utf8(\"state\"),Utf8(\"CA\"),Utf8(\"city\"),Utf8(\"San Mateo\"),Utf8(\"street\"),Utf8(\"450 Concar Drive\"),Utf8(\"zip_code\"),Int64(94402)) |",
        "+---------------------------------------------------------------------------------------------------------------------------------------------+",
        "| {state: CA, city: San Mateo, street: 450 Concar Drive, zip_code: 94402}                                                                     |",
        "+---------------------------------------------------------------------------------------------------------------------------------------------+",
    ],
)
