---
source: crates/embucket-functions/src/tests/string_binary/parse_ip.rs
description: "\"SELECT PARSE_IP('192.168.242.188/24', 'INET') AS ipv4\""
---
Ok(
    [
        "+----------------------------------------------------------------------------------------------------------------------------------------------------------------------------------------------------------------------------+",
        "| ipv4                                                                                                                                                                                                                       |",
        "+----------------------------------------------------------------------------------------------------------------------------------------------------------------------------------------------------------------------------+",
        "| {\"family\":4,\"host\":\"192.168.242.188\",\"ip_fields\":[3232297660,0,0,0],\"ip_type\":\"inet\",\"ipv4\":3232297660,\"ipv4_range_end\":3232297727,\"ipv4_range_start\":3232297472,\"netmask_prefix_length\":24,\"snowflake$type\":\"ip_address\"} |",
        "+----------------------------------------------------------------------------------------------------------------------------------------------------------------------------------------------------------------------------+",
    ],
)
