---
source: crates/embucket-functions/src/tests/semi-structured/type_of.rs
description: "\"SELECT\n        TYPEOF(TO_ARRAY('Example')) AS array1,\n        TYPEOF(ARRAY_CONSTRUCT('Array-like', 'example')) AS array2,\n        TYPEOF(TRUE) AS boolean1,\n        TYPEOF('X') AS varchar1,\n        TYPEOF('I am a real character') AS varchar2,\n        TYPEOF(1.23::DECIMAL(6, 3)) AS decimal1,\n        TYPEOF(3.21::DOUBLE) AS double1,\n        TYPEOF(15) AS integer1,\n        TYPEOF(TO_OBJECT(PARSE_JSON('{\\\"Tree\\\": \\\"Pine\\\"}'))) AS object1\""
---
Ok(
    [
        "+--------+--------+----------+----------+----------+----------+---------+----------+---------+",
        "| array1 | array2 | boolean1 | varchar1 | varchar2 | decimal1 | double1 | integer1 | object1 |",
        "+--------+--------+----------+----------+----------+----------+---------+----------+---------+",
        "| ARRAY  | ARRAY  | BOOLEAN  | VARCHAR  | VARCHAR  | DECIMAL  | DOUBLE  | INTEGER  | OBJECT  |",
        "+--------+--------+----------+----------+----------+----------+---------+----------+---------+",
    ],
)
