---
source: crates/embucket-functions/src/tests/string_binary/hex_decode_binary.rs
description: "\"SELECT \n        HEX_DECODE_BINARY('48656C6C6F') AS hello_binary,\n        HEX_DECODE_BINARY('576F726C64') AS world_binary,\n        HEX_DECODE_BINARY('41') AS single_A\""
---
Ok(
    [
        "+--------------+--------------+----------+",
        "| hello_binary | world_binary | single_a |",
        "+--------------+--------------+----------+",
        "| 48656c6c6f   | 576f726c64   | 41       |",
        "+--------------+--------------+----------+",
    ],
)
