---
source: crates/embucket-functions/src/tests/string_binary/hex_decode_binary.rs
description: "\"SELECT TRY_HEX_DECODE_BINARY('ABC') AS should_be_null\""
---
Ok(
    [
        "+----------------+",
        "| should_be_null |",
        "+----------------+",
        "|                |",
        "+----------------+",
    ],
)
