---
source: crates/embucket-functions/src/tests/string_binary/hex_decode_binary.rs
description: "\"SELECT HEX_DECODE_BINARY('') AS empty_decoded\""
---
Ok(
    [
        "+---------------+",
        "| empty_decoded |",
        "+---------------+",
        "|               |",
        "+---------------+",
    ],
)
