---
source: crates/embucket-functions/src/tests/string_binary/hex_decode_binary.rs
description: "\"SELECT HEX_DECODE_BINARY('48656C6C6F2C20E4B896E7958C21') AS unicode_hello\""
---
Ok(
    [
        "+------------------------------+",
        "| unicode_hello                |",
        "+------------------------------+",
        "| 48656c6c6f2c20e4b896e7958c21 |",
        "+------------------------------+",
    ],
)
