---
source: crates/embucket-functions/src/tests/string_binary/hex_decode_binary.rs
description: "\"SELECT HEX_DECODE_BINARY('534E4F57') AS decoded_value\""
---
Ok(
    [
        "+---------------+",
        "| decoded_value |",
        "+---------------+",
        "| 534e4f57      |",
        "+---------------+",
    ],
)
