---
source: crates/embucket-functions/src/tests/string_binary/hex_decode_binary.rs
description: "\"SELECT \n        HEX_DECODE_BINARY('21') AS exclamation,\n        HEX_DECODE_BINARY('20') AS space,\n        HEX_DECODE_BINARY('0A') AS newline,\n        HEX_DECODE_BINARY('09') AS tab\""
---
Ok(
    [
        "+-------------+-------+---------+-----+",
        "| exclamation | space | newline | tab |",
        "+-------------+-------+---------+-----+",
        "| 21          | 20    | 0a      | 09  |",
        "+-------------+-------+---------+-----+",
    ],
)
