---
source: crates/embucket-functions/src/tests/string_binary/hex_decode_binary.rs
description: "\"SELECT HEX_DECODE_BINARY('546865207175696368206272776E20666F78206A756D7073206F76657220746865206C617A7920646F67') AS long_binary\""
---
Ok(
    [
        "+--------------------------------------------------------------------------------------+",
        "| long_binary                                                                          |",
        "+--------------------------------------------------------------------------------------+",
        "| 546865207175696368206272776e20666f78206a756d7073206f76657220746865206c617a7920646f67 |",
        "+--------------------------------------------------------------------------------------+",
    ],
)
