---
source: crates/embucket-functions/src/tests/system/typeof/mod.rs
description: "\"SELECT         SYSTEM$TYPEOF(123) AS t1,         SYSTEM$TYPEOF(1.23) AS t2,         SYSTEM$TYPEOF('abc') AS t3,         SYSTEM$TYPEOF(TRUE) AS t4\""
snapshot_kind: text
---
Ok(
    [
        "+------+---------+------+-------+",
        "| t1   | t2      | t3   | t4    |",
        "+------+---------+------+-------+",
        "| Int64 | Float64 | Utf8 | Boolean |",
        "+------+---------+------+-------+",
    ],
)
