---
source: crates/embucket-functions/src/tests/system/typeof/mod.rs
description: "\"SELECT         SYSTEM$TYPEOF(1 + 2) AS t1,         SYSTEM$TYPEOF(1.5 * 2) AS t2,         SYSTEM$TYPEOF(CONCAT('a', 'b')) AS t3\""
snapshot_kind: text
---
Ok(
    [
        "+------+---------+------+",
        "| t1   | t2      | t3   |",
        "+------+---------+------+",
        "| Int64 | Float64 | Utf8 |",
        "+------+---------+------+",
    ],
)
