---
source: crates/embucket-functions/src/tests/system/typeof/mod.rs
description: "\"SELECT         SYSTEM$TYPEOF(CAST('9.8765' AS DECIMAL(5,2))) AS t1,         SYSTEM$TYPEOF(CAST('1.2345' AS DECIMAL(6,5))) AS t2,         SYSTEM$TYPEOF(CAST(1.2345 AS INTEGER)) AS t3,         SYSTEM$TYPEOF(CAST(1.2345 AS VARCHAR)) AS t4,         SYSTEM$TYPEOF(CAST('2024-05-09 14:32:29.135 -0700'::TIMESTAMP AS DATE)) AS t5\""
snapshot_kind: text
---
Ok(
    [
        "+------+---------+------+------+-------+",
        "| t1   | t2      | t3   | t4   | t5    |",
        "+------+---------+------+------+-------+",
        "| Decimal128(5, 2) | Decimal128(6, 5) | Int32 | Utf8 | Date32 |",
        "+------+---------+------+------+-------+",
    ],
)
