---
source: crates/core-executor/src/tests/sql/commands/show.rs
description: "\"SHOW VARIABLES\""
info: "Setup queries: USE ROLE test_role"
---
Ok(
    [
        "+------+-----------+------+---------+",
        "| name | value     | type | comment |",
        "+------+-----------+------+---------+",
        "| role | test_role | text |         |",
        "+------+-----------+------+---------+",
    ],
)
