---
source: crates/core-executor/src/tests/sql/commands/show.rs
description: "\"SHOW VARIABLES\""
info: "Setup queries: USE SCHEMA test_schema"
---
Ok(
    [
        "+--------+-------------+------+---------+",
        "| name   | value       | type | comment |",
        "+--------+-------------+------+---------+",
        "| schema | test_schema | text |         |",
        "+--------+-------------+------+---------+",
    ],
)
