---
source: crates/core-executor/src/tests/sql/commands/show.rs
description: "\"SHOW SCHEMAS\""
---
Ok(
    [
        "+------------+--------------------+------+---------------+-------------+",
        "| created_on | name               | kind | database_name | schema_name |",
        "+------------+--------------------+------+---------------+-------------+",
        "|            | information_schema |      | embucket      |             |",
        "|            | public             |      | embucket      |             |",
        "+------------+--------------------+------+---------------+-------------+",
    ],
)
