---
source: crates/core-executor/src/tests/sql/commands/show.rs
description: "\"SHOW SCHEMAS IN embucket STARTS WITH 'pub'\""
---
Ok(
    [
        "+------------+--------+------+---------------+-------------+",
        "| created_on | name   | kind | database_name | schema_name |",
        "+------------+--------+------+---------------+-------------+",
        "|            | public |      | embucket      |             |",
        "+------------+--------+------+---------------+-------------+",
    ],
)
