---
source: crates/core-executor/src/tests/query.rs
description: "r#\"WITH seasonal_times AS (\n        SELECT '2024-01-15T12:00:00Z'::TIMESTAMP AS winter_time, 'Winter' AS season\n        UNION ALL SELECT '2024-04-15T12:00:00Z'::TIMESTAMP, 'Spring'\n        UNION ALL SELECT '2024-07-15T12:00:00Z'::TIMESTAMP, 'Summer'\n        UNION ALL SELECT '2024-10-15T12:00:00Z'::TIMESTAMP, 'Fall'\n    )\n    SELECT\n        season,\n        winter_time AS utc_time,\n        CONVERT_TIMEZONE('America/New_York', winter_time) AS eastern_time,\n        CONVERT_TIMEZONE('Europe/London', winter_time) AS london_time,\n        CONVERT_TIMEZONE('Australia/Sydney', winter_time) AS sydney_time\n    FROM seasonal_times\n    ORDER BY winter_time\"#"
---
Ok(
    [
        "+--------+---------------------+---------------------------+---------------------------+---------------------------+",
        "| season | utc_time            | eastern_time              | london_time               | sydney_time               |",
        "+--------+---------------------+---------------------------+---------------------------+---------------------------+",
        "| Winter | 2024-01-15T12:00:00 | 2024-01-15T07:00:00-05:00 | 2024-01-15T12:00:00Z      | 2024-01-15T23:00:00+11:00 |",
        "| Spring | 2024-04-15T12:00:00 | 2024-04-15T08:00:00-04:00 | 2024-04-15T13:00:00+01:00 | 2024-04-15T22:00:00+10:00 |",
        "| Summer | 2024-07-15T12:00:00 | 2024-07-15T08:00:00-04:00 | 2024-07-15T13:00:00+01:00 | 2024-07-15T22:00:00+10:00 |",
        "| Fall   | 2024-10-15T12:00:00 | 2024-10-15T08:00:00-04:00 | 2024-10-15T13:00:00+01:00 | 2024-10-15T23:00:00+11:00 |",
        "+--------+---------------------+---------------------------+---------------------------+---------------------------+",
    ],
)
