---
source: crates/core-executor/src/tests/query.rs
description: "r#\"SELECT\n        '2024-01-15T12:00:00'::TIMESTAMP AS seconds_precision,\n        CONVERT_TIMEZONE('America/New_York', '2024-01-15T12:00:00'::TIMESTAMP) AS converted_seconds,\n        '2024-01-15T12:00:00.123'::TIMESTAMP AS milliseconds_precision,\n        CONVERT_TIMEZONE('America/New_York', '2024-01-15T12:00:00.123'::TIMESTAMP) AS converted_milliseconds,\n        '2024-01-15T12:00:00.123456'::TIMESTAMP AS microseconds_precision,\n        CONVERT_TIMEZONE('America/New_York', '2024-01-15T12:00:00.123456'::TIMESTAMP) AS converted_microseconds\"#"
---
Ok(
    [
        "+---------------------+---------------------------+-------------------------+---------------------------+----------------------------+---------------------------+",
        "| seconds_precision   | converted_seconds         | milliseconds_precision  | converted_milliseconds    | microseconds_precision     | converted_microseconds    |",
        "+---------------------+---------------------------+-------------------------+---------------------------+----------------------------+---------------------------+",
        "| 2024-01-15T12:00:00 | 2024-01-15T07:00:00-05:00 | 2024-01-15T12:00:00.123 | 2024-01-15T07:00:00-05:00 | 2024-01-15T12:00:00.123456 | 2024-01-15T07:00:00-05:00 |",
        "+---------------------+---------------------------+-------------------------+---------------------------+----------------------------+---------------------------+",
    ],
)
