---
source: crates/core-executor/src/tests/query.rs
description: "r#\"WITH midnight_times AS (\n        SELECT '2024-01-15T00:00:00Z'::TIMESTAMP AS utc_midnight\n        UNION ALL SELECT '2024-01-15T23:59:59Z'::TIMESTAMP AS utc_almost_midnight\n        UNION ALL SELECT '2024-01-16T00:00:00Z'::TIMESTAMP AS utc_next_day\n    )\n    SELECT\n        utc_midnight AS utc_time,\n        CONVERT_TIMEZONE('America/New_York', utc_midnight) AS eastern_time,\n        CONVERT_TIMEZONE('Asia/Tokyo', utc_midnight) AS tokyo_time\n    FROM midnight_times\n    ORDER BY utc_midnight\"#"
---
Ok(
    [
        "+---------------------+---------------------------+---------------------------+",
        "| utc_time            | eastern_time              | tokyo_time                |",
        "+---------------------+---------------------------+---------------------------+",
        "| 2024-01-15T00:00:00 | 2024-01-14T19:00:00-05:00 | 2024-01-15T09:00:00+09:00 |",
        "| 2024-01-15T23:59:59 | 2024-01-15T18:59:59-05:00 | 2024-01-16T08:59:59+09:00 |",
        "| 2024-01-16T00:00:00 | 2024-01-15T19:00:00-05:00 | 2024-01-16T09:00:00+09:00 |",
        "+---------------------+---------------------------+---------------------------+",
    ],
)
