---
source: crates/core-executor/src/tests/query.rs
description: "r#\"-- Financial market opening times in UTC converted to local times\n    WITH market_opens AS (\n        SELECT '2024-03-15T14:30:00Z'::TIMESTAMP AS utc_time, 'NYSE Open (9:30 AM EST)' AS market\n        UNION ALL SELECT '2024-03-15T08:00:00Z'::TIMESTAMP, 'LSE Open (8:00 AM GMT)'\n        UNION ALL SELECT '2024-03-15T00:00:00Z'::TIMESTAMP, 'TSE Open (9:00 AM JST)'\n        UNION ALL SELECT '2024-03-15T22:00:00Z'::TIMESTAMP, 'ASX Open (9:00 AM AEDT)'\n    )\n    SELECT\n        market,\n        utc_time,\n        CONVERT_TIMEZONE('America/New_York', utc_time) AS new_york_time,\n        CONVERT_TIMEZONE('Europe/London', utc_time) AS london_time,\n        CONVERT_TIMEZONE('Asia/Tokyo', utc_time) AS tokyo_time,\n        CONVERT_TIMEZONE('Australia/Sydney', utc_time) AS sydney_time\n    FROM market_opens\n    ORDER BY utc_time\"#"
---
Ok(
    [
        "+-------------------------+---------------------+---------------------------+----------------------+---------------------------+---------------------------+",
        "| market                  | utc_time            | new_york_time             | london_time          | tokyo_time                | sydney_time               |",
        "+-------------------------+---------------------+---------------------------+----------------------+---------------------------+---------------------------+",
        "| TSE Open (9:00 AM JST)  | 2024-03-15T00:00:00 | 2024-03-14T20:00:00-04:00 | 2024-03-15T00:00:00Z | 2024-03-15T09:00:00+09:00 | 2024-03-15T11:00:00+11:00 |",
        "| LSE Open (8:00 AM GMT)  | 2024-03-15T08:00:00 | 2024-03-15T04:00:00-04:00 | 2024-03-15T08:00:00Z | 2024-03-15T17:00:00+09:00 | 2024-03-15T19:00:00+11:00 |",
        "| NYSE Open (9:30 AM EST) | 2024-03-15T14:30:00 | 2024-03-15T10:30:00-04:00 | 2024-03-15T14:30:00Z | 2024-03-15T23:30:00+09:00 | 2024-03-16T01:30:00+11:00 |",
        "| ASX Open (9:00 AM AEDT) | 2024-03-15T22:00:00 | 2024-03-15T18:00:00-04:00 | 2024-03-15T22:00:00Z | 2024-03-16T07:00:00+09:00 | 2024-03-16T09:00:00+11:00 |",
        "+-------------------------+---------------------+---------------------------+----------------------+---------------------------+---------------------------+",
    ],
)
