---
source: crates/core-executor/src/tests/query.rs
description: "r#\"SELECT\n        '2024-07-15T14:30:00'::TIMESTAMP AS source_time,\n        CONVERT_TIMEZONE('America/New_York', 'Europe/London', '2024-07-15T14:30:00'::TIMESTAMP) AS ny_to_london,\n        CONVERT_TIMEZONE('Europe/London', 'Asia/Tokyo', '2024-07-15T14:30:00'::TIMESTAMP) AS london_to_tokyo,\n        CONVERT_TIMEZONE('Asia/Tokyo', 'America/Los_Angeles', '2024-07-15T14:30:00'::TIMESTAMP) AS tokyo_to_la\"#"
---
Ok(
    [
        "+---------------------+---------------------+---------------------+---------------------+",
        "| source_time         | ny_to_london        | london_to_tokyo     | tokyo_to_la         |",
        "+---------------------+---------------------+---------------------+---------------------+",
        "| 2024-07-15T14:30:00 | 2024-07-15T19:30:00 | 2024-07-15T22:30:00 | 2024-07-14T22:30:00 |",
        "+---------------------+---------------------+---------------------+---------------------+",
    ],
)
