---
source: crates/core-executor/src/tests/query.rs
description: "r#\"WITH year_boundary AS (\n        SELECT '2023-12-31T23:00:00Z'::TIMESTAMP AS utc_time, 'New Year Eve' AS description\n        UNION ALL SELECT '2024-01-01T00:00:00Z'::TIMESTAMP, 'New Year UTC'\n        UNION ALL SELECT '2024-01-01T05:00:00Z'::TIMESTAMP, 'New Year EST'\n    )\n    SELECT\n        description,\n        utc_time,\n        CONVERT_TIMEZONE('America/New_York', utc_time) AS eastern_time,\n        CONVERT_TIMEZONE('Asia/Tokyo', utc_time) AS tokyo_time\n    FROM year_boundary\n    ORDER BY utc_time\"#"
---
Ok(
    [
        "+--------------+---------------------+---------------------------+---------------------------+",
        "| description  | utc_time            | eastern_time              | tokyo_time                |",
        "+--------------+---------------------+---------------------------+---------------------------+",
        "| New Year Eve | 2023-12-31T23:00:00 | 2023-12-31T18:00:00-05:00 | 2024-01-01T08:00:00+09:00 |",
        "| New Year UTC | 2024-01-01T00:00:00 | 2023-12-31T19:00:00-05:00 | 2024-01-01T09:00:00+09:00 |",
        "| New Year EST | 2024-01-01T05:00:00 | 2024-01-01T00:00:00-05:00 | 2024-01-01T14:00:00+09:00 |",
        "+--------------+---------------------+---------------------------+---------------------------+",
    ],
)
