---
source: crates/core-executor/src/tests/query.rs
description: "r#\"SELECT\n        '2024-06-15T12:00:00Z'::TIMESTAMP AS utc_noon,\n        CONVERT_TIMEZONE('Europe/London', '2024-06-15T12:00:00Z'::TIMESTAMP) AS london,\n        CONVERT_TIMEZONE('Europe/Paris', '2024-06-15T12:00:00Z'::TIMESTAMP) AS paris,\n        CONVERT_TIMEZONE('Europe/Berlin', '2024-06-15T12:00:00Z'::TIMESTAMP) AS berlin,\n        CONVERT_TIMEZONE('Asia/Tokyo', '2024-06-15T12:00:00Z'::TIMESTAMP) AS tokyo,\n        CONVERT_TIMEZONE('Asia/Shanghai', '2024-06-15T12:00:00Z'::TIMESTAMP) AS shanghai,\n        CONVERT_TIMEZONE('Australia/Sydney', '2024-06-15T12:00:00Z'::TIMESTAMP) AS sydney\"#"
---
Ok(
    [
        "+---------------------+---------------------------+---------------------------+---------------------------+---------------------------+---------------------------+---------------------------+",
        "| utc_noon            | london                    | paris                     | berlin                    | tokyo                     | shanghai                  | sydney                    |",
        "+---------------------+---------------------------+---------------------------+---------------------------+---------------------------+---------------------------+---------------------------+",
        "| 2024-06-15T12:00:00 | 2024-06-15T13:00:00+01:00 | 2024-06-15T14:00:00+02:00 | 2024-06-15T14:00:00+02:00 | 2024-06-15T21:00:00+09:00 | 2024-06-15T20:00:00+08:00 | 2024-06-15T22:00:00+10:00 |",
        "+---------------------+---------------------------+---------------------------+---------------------------+---------------------------+---------------------------+---------------------------+",
    ],
)
