---
source: crates/core-executor/src/tests/query.rs
description: "r#\"-- Spring forward: 2024-03-10 02:00 AM EST becomes 03:00 AM EDT\n    WITH dst_times AS (\n        SELECT '2024-03-10T06:00:00Z'::TIMESTAMP AS utc_before  -- 1 AM EST\n        UNION ALL SELECT '2024-03-10T07:00:00Z'::TIMESTAMP      -- 3 AM EDT (2 AM skipped)\n        UNION ALL SELECT '2024-03-10T08:00:00Z'::TIMESTAMP      -- 4 AM EDT\n    )\n    SELECT\n        utc_before AS utc_time,\n        CONVERT_TIMEZONE('America/New_York', utc_before) AS eastern_time\n    FROM dst_times\n    ORDER BY utc_before\"#"
---
Ok(
    [
        "+---------------------+---------------------------+",
        "| utc_time            | eastern_time              |",
        "+---------------------+---------------------------+",
        "| 2024-03-10T06:00:00 | 2024-03-10T01:00:00-05:00 |",
        "| 2024-03-10T07:00:00 | 2024-03-10T03:00:00-04:00 |",
        "| 2024-03-10T08:00:00 | 2024-03-10T04:00:00-04:00 |",
        "+---------------------+---------------------------+",
    ],
)
