---
source: crates/core-executor/src/tests/query.rs
description: "r#\"WITH leap_year_dates AS (\n        SELECT '2024-02-28T12:00:00Z'::TIMESTAMP AS feb_28, 'Feb 28 (leap year)' AS description\n        UNION ALL SELECT '2024-02-29T12:00:00Z'::TIMESTAMP, 'Feb 29 (leap day)'\n        UNION ALL SELECT '2024-03-01T12:00:00Z'::TIMESTAMP, 'Mar 1 (after leap day)'\n        UNION ALL SELECT '2023-02-28T12:00:00Z'::TIMESTAMP, 'Feb 28 (non-leap year)'\n    )\n    SELECT\n        description,\n        feb_28 AS utc_time,\n        CONVERT_TIMEZONE('America/New_York', feb_28) AS eastern_time,\n        CONVERT_TIMEZONE('Europe/Paris', feb_28) AS paris_time\n    FROM leap_year_dates\n    ORDER BY feb_28\"#"
---
Ok(
    [
        "+------------------------+---------------------+---------------------------+---------------------------+",
        "| description            | utc_time            | eastern_time              | paris_time                |",
        "+------------------------+---------------------+---------------------------+---------------------------+",
        "| Feb 28 (non-leap year) | 2023-02-28T12:00:00 | 2023-02-28T07:00:00-05:00 | 2023-02-28T13:00:00+01:00 |",
        "| Feb 28 (leap year)     | 2024-02-28T12:00:00 | 2024-02-28T07:00:00-05:00 | 2024-02-28T13:00:00+01:00 |",
        "| Feb 29 (leap day)      | 2024-02-29T12:00:00 | 2024-02-29T07:00:00-05:00 | 2024-02-29T13:00:00+01:00 |",
        "| Mar 1 (after leap day) | 2024-03-01T12:00:00 | 2024-03-01T07:00:00-05:00 | 2024-03-01T13:00:00+01:00 |",
        "+------------------------+---------------------+---------------------------+---------------------------+",
    ],
)
