---
source: crates/core-executor/src/tests/query.rs
description: "r#\"WITH original_time AS (\n        SELECT '2024-01-15T12:00:00'::TIMESTAMP AS source_time\n    )\n    SELECT\n        source_time,\n        CONVERT_TIMEZONE('UTC', 'America/New_York', source_time) AS utc_to_est,\n        CONVERT_TIMEZONE('America/New_York', 'UTC',\n            CONVERT_TIMEZONE('UTC', 'America/New_York', source_time)) AS roundtrip_utc\n    FROM original_time\"#"
---
Ok(
    [
        "+---------------------+---------------------+---------------------+",
        "| source_time         | utc_to_est          | roundtrip_utc       |",
        "+---------------------+---------------------+---------------------+",
        "| 2024-01-15T12:00:00 | 2024-01-15T07:00:00 | 2024-01-15T12:00:00 |",
        "+---------------------+---------------------+---------------------+",
    ],
)
