---
source: crates/core-executor/src/tests/query.rs
description: "r#\"WITH event_times AS (\n        SELECT 'Meeting Start' AS event, '2024-01-15T09:00:00Z'::TIMESTAMP AS utc_time\n        UNION ALL SELECT 'Lunch Break', '2024-01-15T12:00:00Z'::TIMESTAMP\n        UNION ALL SELECT 'Meeting End', '2024-01-15T17:00:00Z'::TIMESTAMP\n        UNION ALL SELECT 'Dinner', '2024-01-15T19:30:00Z'::TIMESTAMP\n    )\n    SELECT\n        event,\n        utc_time,\n        CONVERT_TIMEZONE('America/New_York', utc_time) AS eastern_time,\n        CONVERT_TIMEZONE('America/Los_Angeles', utc_time) AS pacific_time,\n        CONVERT_TIMEZONE('Europe/London', utc_time) AS london_time\n    FROM event_times\n    ORDER BY utc_time\"#"
---
Ok(
    [
        "+---------------+---------------------+---------------------------+---------------------------+----------------------+",
        "| event         | utc_time            | eastern_time              | pacific_time              | london_time          |",
        "+---------------+---------------------+---------------------------+---------------------------+----------------------+",
        "| Meeting Start | 2024-01-15T09:00:00 | 2024-01-15T04:00:00-05:00 | 2024-01-15T01:00:00-08:00 | 2024-01-15T09:00:00Z |",
        "| Lunch Break   | 2024-01-15T12:00:00 | 2024-01-15T07:00:00-05:00 | 2024-01-15T04:00:00-08:00 | 2024-01-15T12:00:00Z |",
        "| Meeting End   | 2024-01-15T17:00:00 | 2024-01-15T12:00:00-05:00 | 2024-01-15T09:00:00-08:00 | 2024-01-15T17:00:00Z |",
        "| Dinner        | 2024-01-15T19:30:00 | 2024-01-15T14:30:00-05:00 | 2024-01-15T11:30:00-08:00 | 2024-01-15T19:30:00Z |",
        "+---------------+---------------------+---------------------------+---------------------------+----------------------+",
    ],
)
