---
source: crates/core-executor/src/tests/query.rs
description: "r#\"-- Business hours conversion: 9 AM EST to various timezones\n    WITH business_hours AS (\n        SELECT '2024-03-15T14:00:00Z'::TIMESTAMP AS utc_time, '9 AM EST' AS description\n        UNION ALL SELECT '2024-03-15T17:00:00Z'::TIMESTAMP, '12 PM EST'\n        UNION ALL SELECT '2024-03-15T22:00:00Z'::TIMESTAMP, '5 PM EST'\n    )\n    SELECT\n        description,\n        utc_time,\n        CONVERT_TIMEZONE('America/New_York', utc_time) AS eastern,\n        CONVERT_TIMEZONE('America/Chicago', utc_time) AS central,\n        CONVERT_TIMEZONE('America/Denver', utc_time) AS mountain,\n        CONVERT_TIMEZONE('America/Los_Angeles', utc_time) AS pacific\n    FROM business_hours\n    ORDER BY utc_time\"#"
---
Ok(
    [
        "+-------------+---------------------+---------------------------+---------------------------+---------------------------+---------------------------+",
        "| description | utc_time            | eastern                   | central                   | mountain                  | pacific                   |",
        "+-------------+---------------------+---------------------------+---------------------------+---------------------------+---------------------------+",
        "| 9 AM EST    | 2024-03-15T14:00:00 | 2024-03-15T10:00:00-04:00 | 2024-03-15T09:00:00-05:00 | 2024-03-15T08:00:00-06:00 | 2024-03-15T07:00:00-07:00 |",
        "| 12 PM EST   | 2024-03-15T17:00:00 | 2024-03-15T13:00:00-04:00 | 2024-03-15T12:00:00-05:00 | 2024-03-15T11:00:00-06:00 | 2024-03-15T10:00:00-07:00 |",
        "| 5 PM EST    | 2024-03-15T22:00:00 | 2024-03-15T18:00:00-04:00 | 2024-03-15T17:00:00-05:00 | 2024-03-15T16:00:00-06:00 | 2024-03-15T15:00:00-07:00 |",
        "+-------------+---------------------+---------------------------+---------------------------+---------------------------+---------------------------+",
    ],
)
