---
source: crates/core-executor/src/tests/query.rs
description: "r#\"WITH historical_dates AS (\n        SELECT '1970-01-01T00:00:00Z'::TIMESTAMP AS unix_epoch, 'Unix Epoch' AS description\n        UNION ALL SELECT '1969-07-20T20:17:00Z'::TIMESTAMP, 'Moon Landing'\n        UNION ALL SELECT '2000-01-01T00:00:00Z'::TIMESTAMP, 'Y2K'\n        UNION ALL SELECT '2001-09-11T08:46:00Z'::TIMESTAMP, '9/11 First Impact'\n    )\n    SELECT\n        description,\n        unix_epoch AS utc_time,\n        CONVERT_TIMEZONE('America/New_York', unix_epoch) AS eastern_time,\n        CONVERT_TIMEZONE('America/Los_Angeles', unix_epoch) AS pacific_time\n    FROM historical_dates\n    ORDER BY unix_epoch\"#"
---
Ok(
    [
        "+-------------------+---------------------+---------------------------+---------------------------+",
        "| description       | utc_time            | eastern_time              | pacific_time              |",
        "+-------------------+---------------------+---------------------------+---------------------------+",
        "| Moon Landing      | 1969-07-20T20:17:00 | 1969-07-20T16:17:00-04:00 | 1969-07-20T13:17:00-07:00 |",
        "| Unix Epoch        | 1970-01-01T00:00:00 | 1969-12-31T19:00:00-05:00 | 1969-12-31T16:00:00-08:00 |",
        "| Y2K               | 2000-01-01T00:00:00 | 1999-12-31T19:00:00-05:00 | 1999-12-31T16:00:00-08:00 |",
        "| 9/11 First Impact | 2001-09-11T08:46:00 | 2001-09-11T04:46:00-04:00 | 2001-09-11T01:46:00-07:00 |",
        "+-------------------+---------------------+---------------------------+---------------------------+",
    ],
)
