---
source: crates/core-executor/src/tests/query.rs
description: "r#\"SELECT\n        '2024-01-15T12:00:00'::TIMESTAMP AS source_time,\n        CONVERT_TIMEZONE('America/New_York', 'America/Los_Angeles', '2024-01-15T12:00:00'::TIMESTAMP) AS converted_time\"#"
---
Ok(
    [
        "+---------------------+---------------------+",
        "| source_time         | converted_time      |",
        "+---------------------+---------------------+",
        "| 2024-01-15T12:00:00 | 2024-01-15T09:00:00 |",
        "+---------------------+---------------------+",
    ],
)
