---
source: crates/embucket-functions/src/tests/aggregate/mod.rs
description: "\"SELECT VARIANCE_SAMP(n) AS v FROM (VALUES (1), (2), (3), (4)) AS t(n)\""
snapshot_kind: text
---
Ok(
    [
        "+--------------------+",
        "| v                  |",
        "+--------------------+",
        "| 1.6666666666666667 |",
        "+--------------------+",
    ],
)
