---
source: crates/embucket-functions/src/tests/string_binary/lower.rs
description: "\"SELECT LOWER('HELLO WORLD')\""
---
Ok(
    [
        "+----------------------------+",
        "| lower(Utf8(\"HELLO WORLD\")) |",
        "+----------------------------+",
        "| hello world                |",
        "+----------------------------+",
    ],
)
