---
source: crates/embucket-functions/src/tests/regexp/regexp_substr_all.rs
description: "\"SELECT REGEXP_SUBSTR_ALL('a1_a2a3_a4A5a6', '(a)([[:digit:]])', 1, 1, 'ie')\""
---
Ok(
    [
        "+-------------------------------------------------------------------------------------------------+",
        "| regexp_substr_all(Utf8(\"a1_a2a3_a4A5a6\"),Utf8(\"(a)([[:digit:]])\"),Int64(1),Int64(1),Utf8(\"ie\")) |",
        "+-------------------------------------------------------------------------------------------------+",
        "| [\"a\",\"a\",\"a\",\"a\",\"A\",\"a\"]                                                                       |",
        "+-------------------------------------------------------------------------------------------------+",
    ],
)
