---
source: crates/embucket-functions/src/tests/regexp/regexp_substr_all.rs
description: "\"SELECT REGEXP_SUBSTR_ALL('a1_a2a3_a4A5a6', 'a[[:digit:]]', 1, 3)\""
---
Ok(
    [
        "+----------------------------------------------------------------------------------+",
        "| regexp_substr_all(Utf8(\"a1_a2a3_a4A5a6\"),Utf8(\"a[[:digit:]]\"),Int64(1),Int64(3)) |",
        "+----------------------------------------------------------------------------------+",
        "| [\"a3\",\"a4\",\"a6\"]                                                                 |",
        "+----------------------------------------------------------------------------------+",
    ],
)
