---
source: crates/embucket-functions/src/tests/regexp/regexp_substr_all.rs
description: "\"SELECT REGEXP_SUBSTR_ALL(column1, 'A\\\\W+(\\\\w)(\\\\w)(\\\\w)', 1, 1, 'e', 1),\n    REGEXP_SUBSTR_ALL(column1, 'A\\\\W+(\\\\w)(\\\\w)(\\\\w)', 1, 1, 'e', 2),\n    REGEXP_SUBSTR_ALL(column1, 'A\\\\W+(\\\\w)(\\\\w)(\\\\w)', 1, 1, 'e', 3)\n    FROM VALUES ('A MAN A PLAN A CANAL')\""
---
Ok(
    [
        "+------------------------------------------------------------------------------------------+------------------------------------------------------------------------------------------+------------------------------------------------------------------------------------------+",
        "| regexp_substr_all(column1,Utf8(\"A\\W+(\\w)(\\w)(\\w)\"),Int64(1),Int64(1),Utf8(\"e\"),Int64(1)) | regexp_substr_all(column1,Utf8(\"A\\W+(\\w)(\\w)(\\w)\"),Int64(1),Int64(1),Utf8(\"e\"),Int64(2)) | regexp_substr_all(column1,Utf8(\"A\\W+(\\w)(\\w)(\\w)\"),Int64(1),Int64(1),Utf8(\"e\"),Int64(3)) |",
        "+------------------------------------------------------------------------------------------+------------------------------------------------------------------------------------------+------------------------------------------------------------------------------------------+",
        "| [\"M\",\"P\",\"C\"]                                                                            | [\"A\",\"L\",\"A\"]                                                                            | [\"N\",\"A\",\"N\"]                                                                            |",
        "+------------------------------------------------------------------------------------------+------------------------------------------------------------------------------------------+------------------------------------------------------------------------------------------+",
    ],
)
