---
source: crates/core-executor/src/tests/sql/logical_analyzer/like_type_analyzer.rs
description: "\"SELECT column1 FROM VALUES (910), (256) WHERE '%http' LIKE '%http'\""
---
Ok(
    [
        "+---------+",
        "| column1 |",
        "+---------+",
        "| 910     |",
        "| 256     |",
        "+---------+",
    ],
)
