---
source: crates/embucket-functions/src/tests/conversion/to_varchar.rs
description: "\"SELECT \n        TRY_TO_CHAR(123) AS valid_int,\n        TRY_TO_CHAR(45.67) AS valid_float,\n        TRY_TO_CHAR('hello') AS valid_string,\n        TRY_TO_CHAR(NULL) AS null_input\""
---
Ok(
    [
        "+-----------+-------------+--------------+------------+",
        "| valid_int | valid_float | valid_string | null_input |",
        "+-----------+-------------+--------------+------------+",
        "| 123       | 45.67       | hello        |            |",
        "+-----------+-------------+--------------+------------+",
    ],
)
