---
source: crates/embucket-functions/src/tests/conversion/to_varchar.rs
description: "\"SELECT \n        TO_CHAR(123) AS int_val,\n        TO_CHAR(45.67) AS float_val,\n        TO_CHAR('hello') AS string_val,\n        TO_CHAR('2024-03-15'::DATE) AS date_val\""
---
Ok(
    [
        "+---------+-----------+------------+------------+",
        "| int_val | float_val | string_val | date_val   |",
        "+---------+-----------+------------+------------+",
        "| 123     | 45.67     | hello      | 2024-03-15 |",
        "+---------+-----------+------------+------------+",
    ],
)
