---
source: crates/embucket-functions/src/tests/conversion/to_varchar.rs
description: "\"SELECT \n        TO_VARCHAR(123.45::FLOAT) AS float32_val,\n        TO_VARCHAR(-987.654321::DOUBLE) AS float64_val,\n        TO_VARCHAR(0.0::FLOAT) AS zero_float,\n        TO_VARCHAR(42.0::DOUBLE) AS whole_number_float\""
---
Ok(
    [
        "+-------------+-------------+------------+--------------------+",
        "| float32_val | float64_val | zero_float | whole_number_float |",
        "+-------------+-------------+------------+--------------------+",
        "| 123.45      | -987.654321 | 0          | 42                 |",
        "+-------------+-------------+------------+--------------------+",
    ],
)
