---
source: crates/embucket-functions/src/tests/conversion/to_varchar.rs
description: "\"SELECT \n        TO_VARCHAR('hello world') AS string_val,\n        TO_VARCHAR('') AS empty_string,\n        TO_VARCHAR('unicode: 你好🌍') AS unicode_string\""
---
Ok(
    [
        "+-------------+--------------+-----------------+",
        "| string_val  | empty_string | unicode_string  |",
        "+-------------+--------------+-----------------+",
        "| hello world |              | unicode: 你好🌍 |",
        "+-------------+--------------+-----------------+",
    ],
)
