---
source: crates/embucket-functions/src/tests/conversion/to_varchar.rs
description: "\"SELECT \n        TO_VARCHAR(-12.391, '\\\">\\\"\\\\$99.0\\\"<\\\"') AS neg_currency,\n        TO_VARCHAR(0, '\\\">\\\"\\\\$99.0\\\"<\\\"') AS zero_currency,\n        TO_VARCHAR(123.456, '\\\">\\\"\\\\$99.0\\\"<\\\"') AS pos_currency,\n        TO_VARCHAR(3987, '\\\">\\\"\\\\$99.0\\\"<\\\"') AS overflow_currency\""
---
Ok(
    [
        "+--------------+---------------+--------------+-------------------+",
        "| neg_currency | zero_currency | pos_currency | overflow_currency |",
        "+--------------+---------------+--------------+-------------------+",
        "| >-$12.4<     | > $0.0<       | > $123.5<    | > $3987.0<        |",
        "+--------------+---------------+--------------+-------------------+",
    ],
)
