---
source: crates/embucket-functions/src/tests/conversion/to_varchar.rs
description: "\"SELECT \n        TO_VARCHAR(123.45) AS to_varchar,\n        TO_CHAR(123.45) AS to_char,\n        TRY_TO_VARCHAR(123.45) AS try_to_varchar,\n        TRY_TO_CHAR(123.45) AS try_to_char\""
---
Ok(
    [
        "+------------+---------+----------------+-------------+",
        "| to_varchar | to_char | try_to_varchar | try_to_char |",
        "+------------+---------+----------------+-------------+",
        "| 123.45     | 123.45  | 123.45         | 123.45      |",
        "+------------+---------+----------------+-------------+",
    ],
)
