---
source: crates/embucket-functions/src/tests/conversion/to_varchar.rs
description: "\"SELECT \n        TO_VARCHAR(NULL::INT) AS null_int,\n        TO_VARCHAR(NULL::STRING) AS null_string,\n        TO_VARCHAR(NULL::DATE) AS null_date\""
---
Ok(
    [
        "+----------+-------------+-----------+",
        "| null_int | null_string | null_date |",
        "+----------+-------------+-----------+",
        "|          |             |           |",
        "+----------+-------------+-----------+",
    ],
)
