---
source: crates/embucket-functions/src/tests/conversion/to_varchar.rs
description: "\"SELECT \n        TO_VARCHAR(0.001) AS small_decimal,\n        TO_VARCHAR(0.0001) AS smaller_decimal,\n        TO_VARCHAR(1e-10) AS tiny_float\""
---
Ok(
    [
        "+---------------+-----------------+--------------+",
        "| small_decimal | smaller_decimal | tiny_float   |",
        "+---------------+-----------------+--------------+",
        "| 0.001         | 0.0001          | 0.0000000001 |",
        "+---------------+-----------------+--------------+",
    ],
)
