---
source: crates/embucket-functions/src/tests/conversion/to_varchar.rs
description: "\"SELECT \n        TO_VARCHAR('2024-04-03'::DATE, 'yyyy.mm.dd') AS dot_date,\n        TO_VARCHAR('2024-04-03'::DATE, 'dd/mm/yyyy') AS slash_date,\n        TO_VARCHAR('2024-04-03'::DATE, 'mon dd, yyyy') AS month_date\""
---
Ok(
    [
        "+------------+------------+--------------+",
        "| dot_date   | slash_date | month_date   |",
        "+------------+------------+--------------+",
        "| 2024.04.03 | 03/04/2024 | Apr 03, 2024 |",
        "+------------+------------+--------------+",
    ],
)
