---
source: crates/embucket-functions/src/tests/conversion/to_varchar.rs
description: "\"SELECT \n        TO_VARCHAR(123, 'TM9') AS tm9_simple,\n        TO_VARCHAR(123, 'TME') AS tme_simple,\n        TO_VARCHAR(123, '\\\\$99.0') AS dollar_simple\""
---
Ok(
    [
        "+------------+------------+---------------+",
        "| tm9_simple | tme_simple | dollar_simple |",
        "+------------+------------+---------------+",
        "| 123        | 1.2300E2   |  $123.0       |",
        "+------------+------------+---------------+",
    ],
)
