---
source: crates/embucket-functions/src/tests/conversion/to_varchar.rs
description: "\"SELECT \n        TO_VARCHAR('2024-03-15'::DATE) AS date_val,\n        TO_VARCHAR('2024-03-15 14:30:45'::TIMESTAMP) AS timestamp_val\""
---
Ok(
    [
        "+------------+---------------+",
        "| date_val   | timestamp_val |",
        "+------------+---------------+",
        "| 2024-03-15 | 2024-03-15    |",
        "+------------+---------------+",
    ],
)
