---
source: crates/embucket-functions/src/tests/conversion/to_varchar.rs
description: "\"SELECT \n        TO_CHAR('2024-04-03'::DATE, 'yyyy.mm.dd') AS dot_date,\n        TO_CHAR('2024-04-05 01:02:03'::TIMESTAMP, 'mm/dd/yyyy, hh24:mi') AS us_timestamp\""
---
Ok(
    [
        "+------------+-------------------+",
        "| dot_date   | us_timestamp      |",
        "+------------+-------------------+",
        "| 2024.04.03 | 04/05/2024, 01:02 |",
        "+------------+-------------------+",
    ],
)
