---
source: crates/embucket-functions/src/tests/conversion/to_varchar.rs
description: "\"SELECT \n        TO_VARCHAR(-12.391, '\\\">\\\"TM9\\\"<\\\"') AS neg_tm,\n        TO_VARCHAR(0, '\\\">\\\"TM9\\\"<\\\"') AS zero_tm,\n        TO_VARCHAR(123.456, '\\\">\\\"TM9\\\"<\\\"') AS pos_tm,\n        TO_VARCHAR(3987, '\\\">\\\"TM9\\\"<\\\"') AS large_tm\""
---
Ok(
    [
        "+-----------+---------+-----------+----------+",
        "| neg_tm    | zero_tm | pos_tm    | large_tm |",
        "+-----------+---------+-----------+----------+",
        "| >-12.391< | >0<     | >123.456< | >3987<   |",
        "+-----------+---------+-----------+----------+",
    ],
)
