---
source: crates/embucket-functions/src/tests/conversion/to_varchar.rs
description: "\"SELECT \n        TO_VARCHAR(0) AS zero,\n        TO_VARCHAR(-0.0) AS negative_zero,\n        TO_VARCHAR(1.0) AS one_float,\n        TO_VARCHAR(-1.0) AS neg_one_float\""
---
Ok(
    [
        "+------+---------------+-----------+---------------+",
        "| zero | negative_zero | one_float | neg_one_float |",
        "+------+---------------+-----------+---------------+",
        "| 0    | -0            | 1         | -1            |",
        "+------+---------------+-----------+---------------+",
    ],
)
