---
source: crates/embucket-functions/src/tests/conversion/to_varchar.rs
description: "\"SELECT \n        TO_VARCHAR('2024-04-03'::DATE) AS default_date,\n        TO_VARCHAR('2024-04-05 01:02:03'::TIMESTAMP) AS default_timestamp\""
---
Ok(
    [
        "+--------------+-------------------+",
        "| default_date | default_timestamp |",
        "+--------------+-------------------+",
        "| 2024-04-03   | 2024-04-05        |",
        "+--------------+-------------------+",
    ],
)
