---
source: crates/embucket-functions/src/tests/conversion/to_varchar.rs
description: "\"SELECT \n        TRY_TO_CHAR(123, '\\\">\\\"TM9\\\"<\\\"') AS valid_format,\n        TRY_TO_CHAR('2024-04-03'::DATE, 'yyyy.mm.dd') AS valid_date_format\""
---
Ok(
    [
        "+--------------+-------------------+",
        "| valid_format | valid_date_format |",
        "+--------------+-------------------+",
        "| >123<        | 2024.04.03        |",
        "+--------------+-------------------+",
    ],
)
