---
source: crates/embucket-functions/src/tests/conversion/to_varchar.rs
description: "\"SELECT \n        TO_VARCHAR(-12.391, '\\\">\\\"B9,999.0\\\"<\\\"') AS neg_blank,\n        TO_VARCHAR(0, '\\\">\\\"B9,999.0\\\"<\\\"') AS zero_blank,\n        TO_VARCHAR(123.456, '\\\">\\\"B9,999.0\\\"<\\\"') AS pos_blank,\n        TO_VARCHAR(3987, '\\\">\\\"B9,999.0\\\"<\\\"') AS large_blank\""
---
Ok(
    [
        "+------------+------------+--------------+-------------+",
        "| neg_blank  | zero_blank | pos_blank    | large_blank |",
        "+------------+------------+--------------+-------------+",
        "| >   -12.4< | >      .0< | >     123.5< | > 3987.0<   |",
        "+------------+------------+--------------+-------------+",
    ],
)
