---
source: crates/embucket-functions/src/tests/conversion/to_varchar.rs
description: "\"SELECT \n        TO_CHAR(-12.391, '\\\">\\\"\\\\$99.0\\\"<\\\"') AS dollar_format,\n        TO_CHAR(0, '\\\">\\\"TME\\\"<\\\"') AS scientific_format,\n        TO_CHAR(255, '\\\">\\\"0XXX\\\"<\\\"') AS hex_format\""
---
Ok(
    [
        "+---------------+-------------------+------------+",
        "| dollar_format | scientific_format | hex_format |",
        "+---------------+-------------------+------------+",
        "| >-$12.4<      | >0E0<             | >00FF<     |",
        "+---------------+-------------------+------------+",
    ],
)
