---
source: crates/embucket-functions/src/tests/conversion/to_varchar.rs
description: "\"SELECT \n        TO_VARCHAR(-12.391, '\\\">\\\"TME\\\"<\\\"') AS neg_sci,\n        TO_VARCHAR(0, '\\\">\\\"TME\\\"<\\\"') AS zero_sci,\n        TO_VARCHAR(123.456, '\\\">\\\"TME\\\"<\\\"') AS pos_sci,\n        TO_VARCHAR(3987, '\\\">\\\"TME\\\"<\\\"') AS large_sci\""
---
Ok(
    [
        "+-------------+----------+------------+------------+",
        "| neg_sci     | zero_sci | pos_sci    | large_sci  |",
        "+-------------+----------+------------+------------+",
        "| >-1.2391E1< | >0E0<    | >1.2346E2< | >3.9870E3< |",
        "+-------------+----------+------------+------------+",
    ],
)
