---
source: crates/core-executor/src/tests/query.rs
description: "\"SELECT WEEK('2016-01-02T23:39:20.123-07:00'::TIMESTAMP)\""
info: "Setup queries: ALTER SESSION SET WEEK_OF_YEAR_POLICY = '1'"
---
Ok(
    [
        "+-----------------------------------------------------------+",
        "| week(to_timestamp(Utf8(\"2016-01-02T23:39:20.123-07:00\"))) |",
        "+-----------------------------------------------------------+",
        "| 1                                                         |",
        "+-----------------------------------------------------------+",
    ],
)
