---
source: crates/core-executor/src/tests/query.rs
description: "r#\"SELECT '2016-01-02T23:39:20.123-07:00'::TIMESTAMP AS tstamp,\n        YEAR('2016-01-02T23:39:20.123-07:00'::TIMESTAMP) AS \"YEAR\",\n        QUARTER('2016-01-02T23:39:20.123-07:00'::TIMESTAMP) AS \"QUARTER\",\n        MONTH('2016-01-02T23:39:20.123-07:00'::TIMESTAMP) AS \"MONTH\",\n        DAY('2016-01-02T23:39:20.123-07:00'::TIMESTAMP) AS \"DAY\",\n        DAYOFMONTH('2016-01-02T23:39:20.123-07:00'::TIMESTAMP) AS \"DAY OF MONTH\",\n        DAYOFWEEK('2016-01-02T23:39:20.123-07:00'::TIMESTAMP) AS \"DAY OF WEEK\",\n        DAYOFWEEKISO('2016-01-02T23:39:20.123-07:00'::TIMESTAMP) AS \"DAY OF WEEK ISO\",\n        DAYOFYEAR('2016-01-02T23:39:20.123-07:00'::TIMESTAMP) AS \"DAY OF YEAR\",\n        HOUR('2016-01-02T23:39:20.123-07:00'::TIMESTAMP) AS \"HOUR\",\n        MINUTE('2016-01-02T23:39:20.123-07:00'::TIMESTAMP) AS \"MINUTE\",\n        SECOND('2016-01-02T23:39:20.123-07:00'::TIMESTAMP) AS \"SECOND\"\"#"
---
Ok(
    [
        "+-------------------------+------+---------+-------+-----+--------------+-------------+-----------------+-------------+------+--------+--------+",
        "| tstamp                  | YEAR | QUARTER | MONTH | DAY | DAY OF MONTH | DAY OF WEEK | DAY OF WEEK ISO | DAY OF YEAR | HOUR | MINUTE | SECOND |",
        "+-------------------------+------+---------+-------+-----+--------------+-------------+-----------------+-------------+------+--------+--------+",
        "| 2016-01-02T23:39:20.123 | 2016 | 1       | 1     | 1   | 1            | 5           | 6               | 1           | 23   | 39     | 20     |",
        "+-------------------------+------+---------+-------+-----+--------------+-------------+-----------------+-------------+------+--------+--------+",
    ],
)
