---
source: crates/embucket-functions/src/tests/string_binary/randstr.rs
description: "\"SELECT RANDSTR(6, id) AS v FROM (SELECT 1 AS id UNION ALL SELECT 2 UNION ALL SELECT 3) t ORDER BY id\""
---
Ok(
    [
        "+--------+",
        "| v      |",
        "+--------+",
        "| 0zsMbN |",
        "| FT7BRd |",
        "| pGWJLs |",
        "+--------+",
    ],
)
