---
source: crates/embucket-functions/src/tests/string_binary/randstr.rs
description: "\"SELECT RANDSTR(8, 1) AS a, RANDSTR(8, 2) AS b, RANDSTR(8, 3) AS c\""
---
Ok(
    [
        "+----------+----------+----------+",
        "| a        | b        | c        |",
        "+----------+----------+----------+",
        "| 0zsMbNLx | FT7BRdif | pGWJLsbm |",
        "+----------+----------+----------+",
    ],
)
