---
source: crates/embucket-functions/src/tests/string_binary/randstr.rs
description: "\"SELECT RANDSTR(0, 1234) AS zero_len, RANDSTR(NULL, 1234) AS null_len, RANDSTR(4, NULL) AS null_seed\""
---
Ok(
    [
        "+----------+----------+-----------+",
        "| zero_len | null_len | null_seed |",
        "+----------+----------+-----------+",
        "|          |          |           |",
        "+----------+----------+-----------+",
    ],
)
