---
source: crates/embucket-functions/src/tests/string_binary/randstr.rs
description: "\"SELECT RANDSTR(5, 1234) AS s1, RANDSTR(5, 1234) AS s2\""
---
Ok(
    [
        "+-------+-------+",
        "| s1    | s2    |",
        "+-------+-------+",
        "| DHKUn | DHKUn |",
        "+-------+-------+",
    ],
)
