---
source: crates/embucket-functions/src/tests/conversion/to_binary.rs
description: "\"SELECT TO_BINARY(NULL, 'UTF-8') AS binary_value\""
---
Ok(
    [
        "+--------------+",
        "| binary_value |",
        "+--------------+",
        "|              |",
        "+--------------+",
    ],
)
