---
source: crates/embucket-functions/src/tests/conversion/to_binary.rs
description: "\"SELECT TO_BINARY('SNOW', 'UTF-8') AS binary_value\""
---
Ok(
    [
        "+--------------+",
        "| binary_value |",
        "+--------------+",
        "| 534e4f57     |",
        "+--------------+",
    ],
)
