---
source: crates/embucket-functions/src/tests/conversion/to_binary.rs
description: "\"SELECT TRY_TO_BINARY('SNOW', 'INVALID_FORMAT') AS binary_value\""
---
Ok(
    [
        "+--------------+",
        "| binary_value |",
        "+--------------+",
        "|              |",
        "+--------------+",
    ],
)
