---
source: crates/embucket-functions/src/tests/string_binary/hex_encode.rs
description: "\"SELECT HEX_ENCODE(REPEAT('A', 100)) AS long_hex\""
---
Ok(
    [
        "+----------------------------------------------------------------------------------------------------------------------------------------------------------------------------------------------------------+",
        "| long_hex                                                                                                                                                                                                 |",
        "+----------------------------------------------------------------------------------------------------------------------------------------------------------------------------------------------------------+",
        "| 41414141414141414141414141414141414141414141414141414141414141414141414141414141414141414141414141414141414141414141414141414141414141414141414141414141414141414141414141414141414141414141414141414141 |",
        "+----------------------------------------------------------------------------------------------------------------------------------------------------------------------------------------------------------+",
    ],
)
