---
source: crates/embucket-functions/src/tests/regexp/regexp_instr.rs
description: "\"SELECT REGEXP_INSTR('nevermore1, nevermore2, nevermore3.', 'nevermore\\\\d')\""
---
Ok(
    [
        "+-------------------------------------------------------------------------------+",
        "| regexp_instr(Utf8(\"nevermore1, nevermore2, nevermore3.\"),Utf8(\"nevermore\\d\")) |",
        "+-------------------------------------------------------------------------------+",
        "| 1                                                                             |",
        "+-------------------------------------------------------------------------------+",
    ],
)
