---
source: crates/embucket-functions/src/tests/regexp/regexp_instr.rs
description: "\"SELECT REGEXP_INSTR(column1, 'A\\\\W+(\\\\w)(\\\\w)(\\\\w)', 1, 1, 0, 'e', 1),\n    REGEXP_INSTR(column1, 'A\\\\W+(\\\\w)(\\\\w)(\\\\w)', 1, 1, 0, 'e', 2),\n    REGEXP_INSTR(column1, 'A\\\\W+(\\\\w)(\\\\w)(\\\\w)', 1, 1, 0, 'e', 3)\n    FROM VALUES ('A MAN A PLAN A CANAL')\""
---
Ok(
    [
        "+----------------------------------------------------------------------------------------------+----------------------------------------------------------------------------------------------+----------------------------------------------------------------------------------------------+",
        "| regexp_instr(column1,Utf8(\"A\\W+(\\w)(\\w)(\\w)\"),Int64(1),Int64(1),Int64(0),Utf8(\"e\"),Int64(1)) | regexp_instr(column1,Utf8(\"A\\W+(\\w)(\\w)(\\w)\"),Int64(1),Int64(1),Int64(0),Utf8(\"e\"),Int64(2)) | regexp_instr(column1,Utf8(\"A\\W+(\\w)(\\w)(\\w)\"),Int64(1),Int64(1),Int64(0),Utf8(\"e\"),Int64(3)) |",
        "+----------------------------------------------------------------------------------------------+----------------------------------------------------------------------------------------------+----------------------------------------------------------------------------------------------+",
        "| 3                                                                                            | 4                                                                                            | 5                                                                                            |",
        "+----------------------------------------------------------------------------------------------+----------------------------------------------------------------------------------------------+----------------------------------------------------------------------------------------------+",
    ],
)
