---
source: crates/embucket-functions/src/tests/regexp/regexp_instr.rs
description: "\"SELECT REGEXP_INSTR(column1, '\\\\b\\\\S*o\\\\S*\\\\b', 3, 3, 1, 'i')\n    FROM VALUES ('Hellooo World'),\n    ('How are you doing today?'),\n    ('the quick brown fox jumps over the lazy dog'),\n    ('PACK MY BOX WITH FIVE DOZEN LIQUOR JUGS')\""
---
Ok(
    [
        "+--------------------------------------------------------------------------------+",
        "| regexp_instr(column1,Utf8(\"\\b\\S*o\\S*\\b\"),Int64(3),Int64(3),Int64(1),Utf8(\"i\")) |",
        "+--------------------------------------------------------------------------------+",
        "| 0                                                                              |",
        "| 24                                                                             |",
        "| 31                                                                             |",
        "| 35                                                                             |",
        "+--------------------------------------------------------------------------------+",
    ],
)
