---
source: crates/embucket-functions/src/tests/regexp/regexp_instr.rs
description: "\"SELECT REGEXP_INSTR(column1, 'the\\\\W+\\\\w+')\n    FROM VALUES ('It was the best of times, it was the worst of times.'),\n    ('In    the   string   the   extra   spaces  are   redundant.'),\n    ('A thespian theater is nearby.')\""
---
Ok(
    [
        "+-----------------------------------------+",
        "| regexp_instr(column1,Utf8(\"the\\W+\\w+\")) |",
        "+-----------------------------------------+",
        "| 8                                       |",
        "| 7                                       |",
        "| 0                                       |",
        "+-----------------------------------------+",
    ],
)
